Component: Arm Compiler for Embedded 6.19 Tool: armlink [5e73cb00]

==============================================================================

Section Cross References

    main.o(.text.Init_USARTx) refers to uart.o(.text.UART1_Init) for UART1_Init
    main.o(.text.Init_USARTx) refers to uart.o(.text.UART1_GPIO_Init) for UART1_GPIO_Init
    main.o(.text.Init_USARTx) refers to uart.o(.text.USART_Init) for USART_Init
    main.o(.text.Init_USARTx) refers to uart.o(.text.UART2_Init) for UART2_Init
    main.o(.text.Init_USARTx) refers to uart.o(.text.UART2_GPIO_Init) for UART2_GPIO_Init
    main.o(.ARM.exidx.text.Init_USARTx) refers to main.o(.text.Init_USARTx) for [Anonymous Symbol]
    main.o(.text.main) refers to motor.o(.text.GPIO_Init) for GPIO_Init
    main.o(.text.main) refers to systimer.o(.text.SysTick_Init) for SysTick_Init
    main.o(.text.main) refers to systimer.o(.text.SysTick_Handler) for SysTick_Handler
    main.o(.text.main) refers to main.o(.text.Init_USARTx) for Init_USARTx
    main.o(.text.main) refers to spi.o(.text.SPI2_GPIO_Init) for SPI2_GPIO_Init
    main.o(.text.main) refers to spi.o(.text.SPI_Init) for SPI_Init
    main.o(.text.main) refers to sysclock.o(.text.System_Clock_Init) for System_Clock_Init
    main.o(.text.main) refers to my_ili9341.o(.text.ILI9341_Init) for ILI9341_Init
    main.o(.text.main) refers to my_ili9341.o(.text.ILI9341_Fill) for ILI9341_Fill
    main.o(.text.main) refers to main.o(.rodata.str1.1) for .L.str
    main.o(.text.main) refers to printf.o(.text) for printf
    main.o(.text.main) refers to scanf.o(.text) for scanf
    main.o(.text.main) refers to motor.o(.text.Full_Stepping_Clockwise) for Full_Stepping_Clockwise
    main.o(.text.main) refers to systimer.o(.text.delay) for delay
    main.o(.ARM.exidx.text.main) refers to main.o(.text.main) for [Anonymous Symbol]
    startup_stm32l476xx.o(STACK) refers (Special) to heapauxi.o(.text) for __use_two_region_memory
    startup_stm32l476xx.o(HEAP) refers (Special) to heapauxi.o(.text) for __use_two_region_memory
    startup_stm32l476xx.o(RESET) refers (Special) to heapauxi.o(.text) for __use_two_region_memory
    startup_stm32l476xx.o(RESET) refers to startup_stm32l476xx.o(STACK) for __initial_sp
    startup_stm32l476xx.o(RESET) refers to startup_stm32l476xx.o(.text) for Reset_Handler
    startup_stm32l476xx.o(RESET) refers to systimer.o(.text.SysTick_Handler) for SysTick_Handler
    startup_stm32l476xx.o(.text) refers (Special) to heapauxi.o(.text) for __use_two_region_memory
    startup_stm32l476xx.o(.text) refers to __main.o(!!!main) for __main
    startup_stm32l476xx.o(.text) refers to startup_stm32l476xx.o(HEAP) for Heap_Mem
    startup_stm32l476xx.o(.text) refers to startup_stm32l476xx.o(STACK) for Stack_Mem
    spi.o(.ARM.exidx.text.SPI2_GPIO_Init) refers to spi.o(.text.SPI2_GPIO_Init) for [Anonymous Symbol]
    spi.o(.ARM.exidx.text.SPI_Init) refers to spi.o(.text.SPI_Init) for [Anonymous Symbol]
    spi.o(.ARM.exidx.text.SPI_Write) refers to spi.o(.text.SPI_Write) for [Anonymous Symbol]
    spi.o(.text.SPI_Read) refers to spi.o(.text.SPI_Delay) for SPI_Delay
    spi.o(.ARM.exidx.text.SPI_Read) refers to spi.o(.text.SPI_Read) for [Anonymous Symbol]
    spi.o(.ARM.exidx.text.SPI_Delay) refers to spi.o(.text.SPI_Delay) for [Anonymous Symbol]
    systimer.o(.text.SysTick_Init) refers to systimer.o(.text.__NVIC_EnableIRQ) for __NVIC_EnableIRQ
    systimer.o(.text.SysTick_Init) refers to systimer.o(.text.__NVIC_SetPriority) for __NVIC_SetPriority
    systimer.o(.ARM.exidx.text.SysTick_Init) refers to systimer.o(.text.SysTick_Init) for [Anonymous Symbol]
    systimer.o(.ARM.exidx.text.__NVIC_EnableIRQ) refers to systimer.o(.text.__NVIC_EnableIRQ) for [Anonymous Symbol]
    systimer.o(.ARM.exidx.text.__NVIC_SetPriority) refers to systimer.o(.text.__NVIC_SetPriority) for [Anonymous Symbol]
    systimer.o(.text.SysTick_Handler) refers to systimer.o(.bss.msTicks) for msTicks
    systimer.o(.ARM.exidx.text.SysTick_Handler) refers to systimer.o(.text.SysTick_Handler) for [Anonymous Symbol]
    systimer.o(.text.delay) refers to systimer.o(.bss.msTicks) for msTicks
    systimer.o(.ARM.exidx.text.delay) refers to systimer.o(.text.delay) for [Anonymous Symbol]
    uart.o(.ARM.exidx.text.UART1_Init) refers to uart.o(.text.UART1_Init) for [Anonymous Symbol]
    uart.o(.ARM.exidx.text.UART2_Init) refers to uart.o(.text.UART2_Init) for [Anonymous Symbol]
    uart.o(.ARM.exidx.text.UART1_GPIO_Init) refers to uart.o(.text.UART1_GPIO_Init) for [Anonymous Symbol]
    uart.o(.ARM.exidx.text.UART2_GPIO_Init) refers to uart.o(.text.UART2_GPIO_Init) for [Anonymous Symbol]
    uart.o(.ARM.exidx.text.USART_Init) refers to uart.o(.text.USART_Init) for [Anonymous Symbol]
    uart.o(.ARM.exidx.text.USART_Read) refers to uart.o(.text.USART_Read) for [Anonymous Symbol]
    uart.o(.text.USART_Write) refers to uart.o(.text.USART_Delay) for USART_Delay
[...]
    [Anonymous Symbol]                       0x080035a4   Section        0  systimer.o(.text.__NVIC_EnableIRQ)
    __NVIC_SetPriority                       0x080035d5   Thumb Code    66  systimer.o(.text.__NVIC_SetPriority)
    [Anonymous Symbol]                       0x080035d4   Section        0  systimer.o(.text.__NVIC_SetPriority)
    [Anonymous Symbol]                       0x08003618   Section        0  systimer.o(.text.delay)
    [Anonymous Symbol]                       0x08003648   Section        0  uart_printf.o(.text.fgetc)
    [Anonymous Symbol]                       0x08003668   Section        0  uart_printf.o(.text.fputc)
    [Anonymous Symbol]                       0x08003690   Section        0  main.o(.text.main)
    CL$$btod_d2e                             0x080037e0   Section       62  btod.o(CL$$btod_d2e)
    CL$$btod_d2e_denorm_low                  0x0800381e   Section       70  btod.o(CL$$btod_d2e_denorm_low)
    CL$$btod_d2e_norm_op1                    0x08003864   Section       96  btod.o(CL$$btod_d2e_norm_op1)
    CL$$btod_div_common                      0x080038c4   Section      824  btod.o(CL$$btod_div_common)
    CL$$btod_e2d                             0x08003bfc   Section      132  btod.o(CL$$btod_e2d)
    CL$$btod_e2e                             0x08003c80   Section      220  btod.o(CL$$btod_e2e)
    CL$$btod_ediv                            0x08003d5c   Section       42  btod.o(CL$$btod_ediv)
    CL$$btod_edivd                           0x08003d86   Section       42  btod.o(CL$$btod_edivd)
    CL$$btod_emul                            0x08003db0   Section       42  btod.o(CL$$btod_emul)
    CL$$btod_emuld                           0x08003dda   Section       42  btod.o(CL$$btod_emuld)
    CL$$btod_mult_common                     0x08003e04   Section      580  btod.o(CL$$btod_mult_common)
    i.__ARM_fpclassify                       0x08004048   Section        0  fpclassify.o(i.__ARM_fpclassify)
    i.__hardfp___mathlib_tofloat             0x08004078   Section        0  narrow.o(i.__hardfp___mathlib_tofloat)
    i.__hardfp_ldexp                         0x08004170   Section        0  ldexp.o(i.__hardfp_ldexp)
    i.__mathlib_dbl_overflow                 0x08004240   Section        0  dunder.o(i.__mathlib_dbl_overflow)
    i.__mathlib_dbl_underflow                0x08004260   Section        0  dunder.o(i.__mathlib_dbl_underflow)
    i.__mathlib_narrow                       0x08004280   Section        0  narrow.o(i.__mathlib_narrow)
    i.__support_ldexp                        0x08004292   Section        0  ldexp.o(i.__support_ldexp)
    i._is_digit                              0x080042a6   Section        0  __printf_wp.o(i._is_digit)
    i.frexp                                  0x080042b8   Section        0  frexp.o(i.frexp)
    locale$$code                             0x08004344   Section       44  lc_numeric_c.o(locale$$code)
    locale$$code                             0x08004370   Section       44  lc_ctype_c.o(locale$$code)
    $v0                                      0x0800439c   Number         0  d2f.o(x$fpl$d2f)
    x$fpl$d2f                                0x0800439c   Section       98  d2f.o(x$fpl$d2f)
    $v0                                      0x08004400   Number         0  dcheck1.o(x$fpl$dcheck1)
    x$fpl$dcheck1                            0x08004400   Section       16  dcheck1.o(x$fpl$dcheck1)
    $v0                                      0x08004410   Number         0  dcmpi.o(x$fpl$dcmpinf)
    x$fpl$dcmpinf                            0x08004410   Section       24  dcmpi.o(x$fpl$dcmpinf)
    $v0                                      0x08004428   Number         0  deqf.o(x$fpl$deqf)
    x$fpl$deqf                               0x08004428   Section      120  deqf.o(x$fpl$deqf)
    $v0                                      0x080044a0   Number         0  dleqf.o(x$fpl$dleqf)
    x$fpl$dleqf                              0x080044a0   Section      120  dleqf.o(x$fpl$dleqf)
    $v0                                      0x08004518   Number         0  dmul.o(x$fpl$dmul)
    x$fpl$dmul                               0x08004518   Section      340  dmul.o(x$fpl$dmul)
    $v0                                      0x0800466c   Number         0  dnaninf.o(x$fpl$dnaninf)
    x$fpl$dnaninf                            0x0800466c   Section      156  dnaninf.o(x$fpl$dnaninf)
    $v0                                      0x08004708   Number         0  dretinf.o(x$fpl$dretinf)
    x$fpl$dretinf                            0x08004708   Section       12  dretinf.o(x$fpl$dretinf)
    $v0                                      0x08004714   Number         0  drleqf.o(x$fpl$drleqf)
    x$fpl$drleqf                             0x08004714   Section      108  drleqf.o(x$fpl$drleqf)
    $v0                                      0x08004780   Number         0  fpinit.o(x$fpl$fpinit)
    x$fpl$fpinit                             0x08004780   Section       26  fpinit.o(x$fpl$fpinit)
    $v0                                      0x0800479a   Number         0  fretinf.o(x$fpl$fretinf)
    x$fpl$fretinf                            0x0800479a   Section       10  fretinf.o(x$fpl$fretinf)
    $v0                                      0x080047a4   Number         0  istatus.o(x$fpl$ieeestatus)
    x$fpl$ieeestatus                         0x080047a4   Section        6  istatus.o(x$fpl$ieeestatus)
    $v0                                      0x080047aa   Number         0  printf1.o(x$fpl$printf1)
    x$fpl$printf1                            0x080047aa   Section        4  printf1.o(x$fpl$printf1)
    $v0                                      0x080047ae   Number         0  printf2.o(x$fpl$printf2)
    x$fpl$printf2                            0x080047ae   Section        4  printf2.o(x$fpl$printf2)
    $v0                                      0x080047b2   Number         0  retnan.o(x$fpl$retnan)
    x$fpl$retnan                             0x080047b2   Section      100  retnan.o(x$fpl$retnan)
    $v0                                      0x08004816   Number         0  scalbn.o(x$fpl$scalbn)
    x$fpl$scalbn                             0x08004816   Section       92  scalbn.o(x$fpl$scalbn)
    $v0                                      0x08004872   Number         0  scanf1.o(x$fpl$scanf1)
    x$fpl$scanf1                             0x08004872   Section        4  scanf1.o(x$fpl$scanf1)
    $v0                                      0x08004876   Number         0  scanf2.o(x$fpl$scanf2)
    x$fpl$scanf2                             0x08004876   Section        8  scanf2.o(x$fpl$scanf2)
    $v0                                      0x0800487e   Number         0  trapv.o(x$fpl$trapveneer)
    x$fpl$trapveneer                         0x0800487e   Section       48  trapv.o(x$fpl$trapveneer)
    x$fpl$usenofp                            0x080048ae   Section        0  usenofp.o(x$fpl$usenofp)
    initial_mbstate                          0x080048b0   Data           8  _printf_wctomb.o(.constdata)
    .constdata                               0x080048b0   Section        8  _printf_wctomb.o(.constdata)
    uc_hextab                                0x080048b8   Data          20  _printf_hex_int_ll_ptr.o(.constdata)
    .constdata                               0x080048b8   Section       40  _printf_hex_int_ll_ptr.o(.constdata)
    lc_hextab                                0x080048cc   Data          20  _printf_hex_int_ll_ptr.o(.constdata)
    maptable                                 0x080048e0   Data          17  __printf_flags_ss_wp.o(.constdata)
    .constdata                               0x080048e0   Section       17  __printf_flags_ss_wp.o(.constdata)
    lc_hextab                                0x080048f1   Data          19  _printf_fp_hex.o(.constdata)
    .constdata                               0x080048f1   Section       38  _printf_fp_hex.o(.constdata)
    uc_hextab                                0x08004904   Data          19  _printf_fp_hex.o(.constdata)
    tenpwrs_x                                0x08004918   Data          60  bigflt0.o(.constdata)
    .constdata                               0x08004918   Section      148  bigflt0.o(.constdata)
    tenpwrs_i                                0x08004954   Data          64  bigflt0.o(.constdata)
    .L.str                                   0x080049ac   Data          75  main.o(.rodata.str1.1)
    [Anonymous Symbol]                       0x080049ac   Section        0  main.o(.rodata.str1.1)
    .L.str.2                                 0x080049f7   Data          32  main.o(.rodata.str1.1)
    .L.str.1                                 0x08004a17   Data           3  main.o(.rodata.str1.1)
    c$$dinf                                  0x08004a3c   Section        8  fpconst.o(c$$dinf)
    c$$dmax                                  0x08004a44   Section        8  fpconst.o(c$$dmax)
    locale$$data                             0x08004a4c   Section       28  lc_numeric_c.o(locale$$data)
    __lcnum_c_name                           0x08004a50   Data           2  lc_numeric_c.o(locale$$data)
    __lcnum_c_start                          0x08004a58   Data           0  lc_numeric_c.o(locale$$data)
    __lcnum_c_point                          0x08004a64   Data           0  lc_numeric_c.o(locale$$data)
    __lcnum_c_thousands                      0x08004a66   Data           0  lc_numeric_c.o(locale$$data)
    __lcnum_c_grouping                       0x08004a67   Data           0  lc_numeric_c.o(locale$$data)
    __lcnum_c_end                            0x08004a68   Data           0  lc_numeric_c.o(locale$$data)
    locale$$data                             0x08004a68   Section      272  lc_ctype_c.o(locale$$data)
    __lcctype_c_name                         0x08004a6c   Data           2  lc_ctype_c.o(locale$$data)
    __lcctype_c_start                        0x08004a74   Data           0  lc_ctype_c.o(locale$$data)
    __lcctype_c_end                          0x08004b78   Data           0  lc_ctype_c.o(locale$$data)
    rotationNum                              0x20000000   Data           1  my_ili9341.o(.data.rotationNum)
    [Anonymous Symbol]                       0x20000000   Section        0  my_ili9341.o(.data.rotationNum)
    .bss                                     0x20000008   Section       96  libspace.o(.bss)
    lcdSPIhandle                             0x20000110   Data           4  my_ili9341.o(.bss.lcdSPIhandle)
    [Anonymous Symbol]                       0x20000110   Section        0  my_ili9341.o(.bss.lcdSPIhandle)
    tftCS_GPIO                               0x20000118   Data           4  my_ili9341.o(.bss.tftCS_GPIO)
    [Anonymous Symbol]                       0x20000118   Section        0  my_ili9341.o(.bss.tftCS_GPIO)
    tftCS_PIN                                0x2000011c   Data           2  my_ili9341.o(.bss.tftCS_PIN)
    [Anonymous Symbol]                       0x2000011c   Section        0  my_ili9341.o(.bss.tftCS_PIN)
    tftDC_GPIO                               0x20000120   Data           4  my_ili9341.o(.bss.tftDC_GPIO)
    [Anonymous Symbol]                       0x20000120   Section        0  my_ili9341.o(.bss.tftDC_GPIO)
    tftDC_PIN                                0x20000124   Data           2  my_ili9341.o(.bss.tftDC_PIN)
    [Anonymous Symbol]                       0x20000124   Section        0  my_ili9341.o(.bss.tftDC_PIN)
    tftRESET_GPIO                            0x20000128   Data           4  my_ili9341.o(.bss.tftRESET_GPIO)
    [Anonymous Symbol]                       0x20000128   Section        0  my_ili9341.o(.bss.tftRESET_GPIO)
    tftRESET_PIN                             0x2000012c   Data           2  my_ili9341.o(.bss.tftRESET_PIN)
    [Anonymous Symbol]                       0x2000012c   Section        0  my_ili9341.o(.bss.tftRESET_PIN)
    Heap_Mem                                 0x20000130   Data         512  startup_stm32l476xx.o(HEAP)
    HEAP                                     0x20000130   Section      512  startup_stm32l476xx.o(HEAP)
    Stack_Mem                                0x20000330   Data        1024  startup_stm32l476xx.o(STACK)
    STACK                                    0x20000330   Section     1024  startup_stm32l476xx.o(STACK)
    __initial_sp                             0x20000730   Data           0  startup_stm32l476xx.o(STACK)

    Global Symbols

    Symbol Name                              Value     Ov Type        Size  Object(Section)

    BuildAttributes$$THM_ISAv4$E$P$D$K$B$S$7EM$VFPi3$EXTD16$VFPS$VFMA$PE$A:L22UL41UL21$X:L11$S22US41US21$IEEE1$IW$~IW$USESV6$~STKCKD$USESV7$~SHL$OTIME$ROPI$IEEEX$EBA8$UX$STANDARDLIB$REQ8$PRES8$EABIv2 0x00000000   Number         0  anon$$obj.o ABSOLUTE
    Image$$ER_IROM1$$RW$$Length              0x00000000   Number         0  anon$$obj.o ABSOLUTE
    Image$$ER_IROM1$$ZI$$Length              0x00000000   Number         0  anon$$obj.o ABSOLUTE
    Image$$RW_IRAM1$$RO$$Length              0x00000000   Number         0  anon$$obj.o ABSOLUTE
    _printf_flags                            0x00000000   Number         0  printf_stubs.o ABSOLUTE
    _printf_return_value                     0x00000000   Number         0  printf_stubs.o ABSOLUTE
    _printf_sizespec                         0x00000000   Number         0  printf_stubs.o ABSOLUTE
    _printf_widthprec                        0x00000000   Number         0  printf_stubs.o ABSOLUTE
    __ARM_exceptions_init                     - Undefined Weak Reference
    __alloca_initialize                       - Undefined Weak Reference
    __arm_preinit_                            - Undefined Weak Reference
    __arm_relocate_pie_                       - Undefined Weak Reference
    __cpp_initialize__aeabi_                  - Undefined Weak Reference
    __cxa_finalize                            - Undefined Weak Reference
    __sigvec_lookup                           - Undefined Weak Reference
    _atexit_init                              - Undefined Weak Reference
    _call_atexit_fns                          - Undefined Weak Reference
    _clock_init                               - Undefined Weak Reference
    _fp_trap_init                             - Undefined Weak Reference
    _fp_trap_shutdown                         - Undefined Weak Reference
    _get_lc_collate                           - Undefined Weak Reference
    _get_lc_monetary                          - Undefined Weak Reference
    _get_lc_time                              - Undefined Weak Reference
    _getenv_init                              - Undefined Weak Reference
    _handle_redirection                       - Undefined Weak Reference
    _init_alloc                               - Undefined Weak Reference
    _init_user_alloc                          - Undefined Weak Reference
    _initio                                   - Undefined Weak Reference
    _mutex_acquire                            - Undefined Weak Reference
    _mutex_release                            - Undefined Weak Reference
    _printf_mbtowc                            - Undefined Weak Reference
    _printf_wc                                - Undefined Weak Reference
    _rand_init                                - Undefined Weak Reference
    _signal_finish                            - Undefined Weak Reference
    _signal_init                              - Undefined Weak Reference
    _terminate_alloc                          - Undefined Weak Reference
    _terminate_user_alloc                     - Undefined Weak Reference
    _terminateio                              - Undefined Weak Reference
    Image$$RW_IRAM1$$Length                  0x00000008   Number         0  anon$$obj.o ABSOLUTE
    Image$$RW_IRAM1$$RW$$Length              0x00000008   Number         0  anon$$obj.o ABSOLUTE
    __Vectors_Size                           0x00000188   Number         0  startup_stm32l476xx.o ABSOLUTE
    Image$$RW_IRAM1$$ZI$$Length              0x00000728   Number         0  anon$$obj.o ABSOLUTE
    Image$$ER_IROM1$$RO$$Length              0x00004b78   Number         0  anon$$obj.o ABSOLUTE
    Image$$ER_IROM1$$RO$$Base                0x08000000   Number         0  anon$$obj.o ABSOLUTE
    Load$$ER_IROM1$$Base                     0x08000000   Number         0  anon$$obj.o ABSOLUTE
    __Vectors                                0x08000000   Data           4  startup_stm32l476xx.o(RESET)
    __Vectors_End                            0x08000188   Data           0  startup_stm32l476xx.o(RESET)
    __main                                   0x08000189   Thumb Code     8  __main.o(!!!main)
    __scatterload                            0x08000191   Thumb Code     0  __scatter.o(!!!scatter)
    __scatterload_rt2                        0x08000191   Thumb Code    44  __scatter.o(!!!scatter)
    __scatterload_rt2_thumb_only             0x08000191   Thumb Code     0  __scatter.o(!!!scatter)
    __scatterload_null                       0x0800019f   Thumb Code     0  __scatter.o(!!!scatter)
    __scatterload_copy                       0x080001c5   Thumb Code    26  __scatter_copy.o(!!handler_copy)
    __scatterload_zeroinit                   0x080001e1   Thumb Code    28  __scatter_zi.o(!!handler_zi)
    _printf_n                                0x080001fd   Thumb Code     0  _printf_n.o(.ARM.Collect$$_printf_percent$$00000001)
    _printf_percent                          0x080001fd   Thumb Code     0  _printf_percent.o(.ARM.Collect$$_printf_percent$$00000000)
    _printf_p                                0x08000203   Thumb Code     0  _printf_p.o(.ARM.Collect$$_printf_percent$$00000002)
    _printf_f                                0x08000209   Thumb Code     0  _printf_f.o(.ARM.Collect$$_printf_percent$$00000003)
    _printf_e                                0x0800020f   Thumb Code     0  _printf_e.o(.ARM.Collect$$_printf_percent$$00000004)
    _printf_g                                0x08000215   Thumb Code     0  _printf_g.o(.ARM.Collect$$_printf_percent$$00000005)
    _printf_a                                0x0800021b   Thumb Code     0  _printf_a.o(.ARM.Collect$$_printf_percent$$00000006)
    _printf_ll                               0x08000221   Thumb Code     0  _printf_ll.o(.ARM.Collect$$_printf_percent$$00000007)
    _printf_i                                0x0800022b   Thumb Code     0  _printf_i.o(.ARM.Collect$$_printf_percent$$00000008)
    _printf_d                                0x08000231   Thumb Code     0  _printf_d.o(.ARM.Collect$$_printf_percent$$00000009)
    _printf_u                                0x08000237   Thumb Code     0  _printf_u.o(.ARM.Collect$$_printf_percent$$0000000A)
    _printf_o                                0x0800023d   Thumb Code     0  _printf_o.o(.ARM.Collect$$_printf_percent$$0000000B)
    _printf_x                                0x08000243   Thumb Code     0  _printf_x.o(.ARM.Collect$$_printf_percent$$0000000C)
    _printf_lli                              0x08000249   Thumb Code     0  _printf_lli.o(.ARM.Collect$$_printf_percent$$0000000D)
    _printf_lld                              0x0800024f   Thumb Code     0  _printf_lld.o(.ARM.Collect$$_printf_percent$$0000000E)
    _printf_llu                              0x08000255   Thumb Code     0  _printf_llu.o(.ARM.Collect$$_printf_percent$$0000000F)
    _printf_llo                              0x0800025b   Thumb Code     0  _printf_llo.o(.ARM.Collect$$_printf_percent$$00000010)
    _printf_llx                              0x08000261   Thumb Code     0  _printf_llx.o(.ARM.Collect$$_printf_percent$$00000011)
    _printf_l                                0x08000267   Thumb Code     0  _printf_l.o(.ARM.Collect$$_printf_percent$$00000012)
    _printf_c                                0x08000271   Thumb Code     0  _printf_c.o(.ARM.Collect$$_printf_percent$$00000013)
    _printf_s                                0x08000277   Thumb Code     0  _printf_s.o(.ARM.Collect$$_printf_percent$$00000014)
    _printf_lc                               0x0800027d   Thumb Code     0  _printf_lc.o(.ARM.Collect$$_printf_percent$$00000015)
    _printf_ls                               0x08000283   Thumb Code     0  _printf_ls.o(.ARM.Collect$$_printf_percent$$00000016)
    _printf_percent_end                      0x08000289   Thumb Code     0  _printf_percent_end.o(.ARM.Collect$$_printf_percent$$00000017)
    __rt_lib_init                            0x0800028d   Thumb Code     0  libinit.o(.ARM.Collect$$libinit$$00000000)
    __rt_lib_init_fp_1                       0x0800028f   Thumb Code     0  libinit2.o(.ARM.Collect$$libinit$$00000001)
    __rt_lib_init_heap_1                     0x08000293   Thumb Code     0  libinit2.o(.ARM.Collect$$libinit$$0000000C)
    __rt_lib_init_lc_common                  0x08000293   Thumb Code     0  libinit2.o(.ARM.Collect$$libinit$$00000011)
    __rt_lib_init_preinit_1                  0x08000293   Thumb Code     0  libinit2.o(.ARM.Collect$$libinit$$00000006)
    __rt_lib_init_rand_1                     0x08000293   Thumb Code     0  libinit2.o(.ARM.Collect$$libinit$$00000010)
    __rt_lib_init_relocate_pie_1             0x08000293   Thumb Code     0  libinit2.o(.ARM.Collect$$libinit$$00000004)
    __rt_lib_init_user_alloc_1               0x08000293   Thumb Code     0  libinit2.o(.ARM.Collect$$libinit$$0000000E)
    __rt_lib_init_lc_collate_1               0x08000299   Thumb Code     0  libinit2.o(.ARM.Collect$$libinit$$00000013)
    __rt_lib_init_lc_ctype_2                 0x08000299   Thumb Code     0  libinit2.o(.ARM.Collect$$libinit$$00000014)
    __rt_lib_init_lc_ctype_1                 0x080002a5   Thumb Code     0  libinit2.o(.ARM.Collect$$libinit$$00000015)
    __rt_lib_init_lc_monetary_1              0x080002a5   Thumb Code     0  libinit2.o(.ARM.Collect$$libinit$$00000017)
    __rt_lib_init_lc_numeric_2               0x080002a5   Thumb Code     0  libinit2.o(.ARM.Collect$$libinit$$00000018)
    __rt_lib_init_alloca_1                   0x080002af   Thumb Code     0  libinit2.o(.ARM.Collect$$libinit$$00000030)
    __rt_lib_init_argv_1                     0x080002af   Thumb Code     0  libinit2.o(.ARM.Collect$$libinit$$0000002E)
    __rt_lib_init_atexit_1                   0x080002af   Thumb Code     0  libinit2.o(.ARM.Collect$$libinit$$0000001D)
    __rt_lib_init_clock_1                    0x080002af   Thumb Code     0  libinit2.o(.ARM.Collect$$libinit$$00000023)
    __rt_lib_init_cpp_1                      0x080002af   Thumb Code     0  libinit2.o(.ARM.Collect$$libinit$$00000034)
    __rt_lib_init_exceptions_1               0x080002af   Thumb Code     0  libinit2.o(.ARM.Collect$$libinit$$00000032)
    __rt_lib_init_fp_trap_1                  0x080002af   Thumb Code     0  libinit2.o(.ARM.Collect$$libinit$$00000021)
    __rt_lib_init_getenv_1                   0x080002af   Thumb Code     0  libinit2.o(.ARM.Collect$$libinit$$00000025)
    __rt_lib_init_lc_numeric_1               0x080002af   Thumb Code     0  libinit2.o(.ARM.Collect$$libinit$$00000019)
    __rt_lib_init_lc_time_1                  0x080002af   Thumb Code     0  libinit2.o(.ARM.Collect$$libinit$$0000001B)
    __rt_lib_init_return                     0x080002af   Thumb Code     0  libinit2.o(.ARM.Collect$$libinit$$00000035)
    __rt_lib_init_signal_1                   0x080002af   Thumb Code     0  libinit2.o(.ARM.Collect$$libinit$$0000001F)
    __rt_lib_init_stdio_1                    0x080002af   Thumb Code     0  libinit2.o(.ARM.Collect$$libinit$$00000027)
    __rt_lib_shutdown                        0x080002b1   Thumb Code     0  libshutdown.o(.ARM.Collect$$libshutdown$$00000000)
    __rt_lib_shutdown_cpp_1                  0x080002b3   Thumb Code     0  libshutdown2.o(.ARM.Collect$$libshutdown$$00000002)
    __rt_lib_shutdown_fp_trap_1              0x080002b3   Thumb Code     0  libshutdown2.o(.ARM.Collect$$libshutdown$$00000007)
    __rt_lib_shutdown_heap_1                 0x080002b3   Thumb Code     0  libshutdown2.o(.ARM.Collect$$libshutdown$$0000000F)
    __rt_lib_shutdown_return                 0x080002b3   Thumb Code     0  libshutdown2.o(.ARM.Collect$$libshutdown$$00000010)
    __rt_lib_shutdown_signal_1               0x080002b3   Thumb Code     0  libshutdown2.o(.ARM.Collect$$libshutdown$$0000000A)
    __rt_lib_shutdown_stdio_1                0x080002b3   Thumb Code     0  libshutdown2.o(.ARM.Collect$$libshutdown$$00000004)
    __rt_lib_shutdown_user_alloc_1           0x080002b3   Thumb Code     0  libshutdown2.o(.ARM.Collect$$libshutdown$$0000000C)
    __rt_entry                               0x080002b5   Thumb Code     0  __rtentry.o(.ARM.Collect$$rtentry$$00000000)
    __rt_entry_presh_1                       0x080002b5   Thumb Code     0  __rtentry2.o(.ARM.Collect$$rtentry$$00000002)
    __rt_entry_sh                            0x080002b5   Thumb Code     0  __rtentry4.o(.ARM.Collect$$rtentry$$00000004)
    __rt_entry_li                            0x080002bb   Thumb Code     0  __rtentry2.o(.ARM.Collect$$rtentry$$0000000A)
    __rt_entry_postsh_1                      0x080002bb   Thumb Code     0  __rtentry2.o(.ARM.Collect$$rtentry$$00000009)
    __rt_entry_main                          0x080002bf   Thumb Code     0  __rtentry2.o(.ARM.Collect$$rtentry$$0000000D)
    __rt_entry_postli_1                      0x080002bf   Thumb Code     0  __rtentry2.o(.ARM.Collect$$rtentry$$0000000C)
    __rt_exit                                0x080002c7   Thumb Code     0  rtexit.o(.ARM.Collect$$rtexit$$00000000)
    __rt_exit_ls                             0x080002c9   Thumb Code     0  rtexit2.o(.ARM.Collect$$rtexit$$00000003)
    __rt_exit_prels_1                        0x080002c9   Thumb Code     0  rtexit2.o(.ARM.Collect$$rtexit$$00000002)
    __rt_exit_exit                           0x080002cd   Thumb Code     0  rtexit2.o(.ARM.Collect$$rtexit$$00000004)
    Reset_Handler                            0x080002d5   Thumb Code    62  startup_stm32l476xx.o(.text)
    NMI_Handler                              0x08000313   Thumb Code     2  startup_stm32l476xx.o(.text)
    HardFault_Handler                        0x08000315   Thumb Code     2  startup_stm32l476xx.o(.text)
    MemManage_Handler                        0x08000317   Thumb Code     2  startup_stm32l476xx.o(.text)
    BusFault_Handler                         0x08000319   Thumb Code     2  startup_stm32l476xx.o(.text)
    UsageFault_Handler                       0x0800031b   Thumb Code     2  startup_stm32l476xx.o(.text)
    SVC_Handler                              0x0800031d   Thumb Code     2  startup_stm32l476xx.o(.text)
    DebugMon_Handler                         0x0800031f   Thumb Code     2  startup_stm32l476xx.o(.text)
    PendSV_Handler                           0x08000321   Thumb Code     2  startup_stm32l476xx.o(.text)
    ADC1_2_IRQHandler                        0x08000325   Thumb Code     0  startup_stm32l476xx.o(.text)
    ADC3_IRQHandler                          0x08000325   Thumb Code     0  startup_stm32l476xx.o(.text)
    CAN1_RX0_IRQHandler                      0x08000325   Thumb Code     0  startup_stm32l476xx.o(.text)
    CAN1_RX1_IRQHandler                      0x08000325   Thumb Code     0  startup_stm32l476xx.o(.text)
    CAN1_SCE_IRQHandler                      0x08000325   Thumb Code     0  startup_stm32l476xx.o(.text)
    CAN1_TX_IRQHandler                       0x08000325   Thumb Code     0  startup_stm32l476xx.o(.text)
    COMP_IRQHandler                          0x08000325   Thumb Code     0  startup_stm32l476xx.o(.text)
    DFSDM0_IRQHandler                        0x08000325   Thumb Code     0  startup_stm32l476xx.o(.text)
    DFSDM1_IRQHandler                        0x08000325   Thumb Code     0  startup_stm32l476xx.o(.text)
    DFSDM2_IRQHandler                        0x08000325   Thumb Code     0  startup_stm32l476xx.o(.text)
    DFSDM3_IRQHandler                        0x08000325   Thumb Code     0  startup_stm32l476xx.o(.text)
    DMA1_Channel1_IRQHandler                 0x08000325   Thumb Code     0  startup_stm32l476xx.o(.text)
    DMA1_Channel2_IRQHandler                 0x08000325   Thumb Code     0  startup_stm32l476xx.o(.text)
    DMA1_Channel3_IRQHandler                 0x08000325   Thumb Code     0  startup_stm32l476xx.o(.text)
    DMA1_Channel4_IRQHandler                 0x08000325   Thumb Code     0  startup_stm32l476xx.o(.text)
    DMA1_Channel5_IRQHandler                 0x08000325   Thumb Code     0  startup_stm32l476xx.o(.text)
    DMA1_Channel6_IRQHandler                 0x08000325   Thumb Code     0  startup_stm32l476xx.o(.text)
    DMA1_Channel7_IRQHandler                 0x08000325   Thumb Code     0  startup_stm32l476xx.o(.text)
    DMA2_Channel1_IRQHandler                 0x08000325   Thumb Code     0  startup_stm32l476xx.o(.text)
    DMA2_Channel2_IRQHandler                 0x08000325   Thumb Code     0  startup_stm32l476xx.o(.text)
    DMA2_Channel3_IRQHandler                 0x08000325   Thumb Code     0  startup_stm32l476xx.o(.text)
    DMA2_Channel4_IRQHandler                 0x08000325   Thumb Code     0  startup_stm32l476xx.o(.text)
    DMA2_Channel5_IRQHandler                 0x08000325   Thumb Code     0  startup_stm32l476xx.o(.text)
    DMA2_Channel6_IRQHandler                 0x08000325   Thumb Code     0  startup_stm32l476xx.o(.text)
    DMA2_Channel7_IRQHandler                 0x08000325   Thumb Code     0  startup_stm32l476xx.o(.text)
    EXTI0_IRQHandler                         0x08000325   Thumb Code     0  startup_stm32l476xx.o(.text)
    EXTI15_10_IRQHandler                     0x08000325   Thumb Code     0  startup_stm32l476xx.o(.text)
    EXTI1_IRQHandler                         0x08000325   Thumb Code     0  startup_stm32l476xx.o(.text)
    EXTI2_IRQHandler                         0x08000325   Thumb Code     0  startup_stm32l476xx.o(.text)
    EXTI3_IRQHandler                         0x08000325   Thumb Code     0  startup_stm32l476xx.o(.text)
    EXTI4_IRQHandler                         0x08000325   Thumb Code     0  startup_stm32l476xx.o(.text)
    EXTI9_5_IRQHandler                       0x08000325   Thumb Code     0  startup_stm32l476xx.o(.text)
    FLASH_IRQHandler                         0x08000325   Thumb Code     0  startup_stm32l476xx.o(.text)
    FMC_IRQHandler                           0x08000325   Thumb Code     0  startup_stm32l476xx.o(.text)
    FPU_IRQHandler                           0x08000325   Thumb Code     0  startup_stm32l476xx.o(.text)
    I2C1_ER_IRQHandler                       0x08000325   Thumb Code     0  startup_stm32l476xx.o(.text)
    I2C1_EV_IRQHandler                       0x08000325   Thumb Code     0  startup_stm32l476xx.o(.text)
    I2C2_ER_IRQHandler                       0x08000325   Thumb Code     0  startup_stm32l476xx.o(.text)
    I2C2_EV_IRQHandler                       0x08000325   Thumb Code     0  startup_stm32l476xx.o(.text)
    I2C3_ER_IRQHandler                       0x08000325   Thumb Code     0  startup_stm32l476xx.o(.text)
    I2C3_EV_IRQHandler                       0x08000325   Thumb Code     0  startup_stm32l476xx.o(.text)
    LCD_IRQHandler                           0x08000325   Thumb Code     0  startup_stm32l476xx.o(.text)
    LPTIM1_IRQHandler                        0x08000325   Thumb Code     0  startup_stm32l476xx.o(.text)
    LPTIM2_IRQHandler                        0x08000325   Thumb Code     0  startup_stm32l476xx.o(.text)
    LPUART1_IRQHandler                       0x08000325   Thumb Code     0  startup_stm32l476xx.o(.text)
    OTG_FS_IRQHandler                        0x08000325   Thumb Code     0  startup_stm32l476xx.o(.text)
    PVD_PVM_IRQHandler                       0x08000325   Thumb Code     0  startup_stm32l476xx.o(.text)
    QUADSPI_IRQHandler                       0x08000325   Thumb Code     0  startup_stm32l476xx.o(.text)
    RCC_IRQHandler                           0x08000325   Thumb Code     0  startup_stm32l476xx.o(.text)
    RNG_IRQHandler                           0x08000325   Thumb Code     0  startup_stm32l476xx.o(.text)
    RTC_Alarm_IRQHandler                     0x08000325   Thumb Code     0  startup_stm32l476xx.o(.text)
    RTC_WKUP_IRQHandler                      0x08000325   Thumb Code     0  startup_stm32l476xx.o(.text)
    SAI1_IRQHandler                          0x08000325   Thumb Code     0  startup_stm32l476xx.o(.text)
    SAI2_IRQHandler                          0x08000325   Thumb Code     0  startup_stm32l476xx.o(.text)
    SDMMC1_IRQHandler                        0x08000325   Thumb Code     0  startup_stm32l476xx.o(.text)
    SPI1_IRQHandler                          0x08000325   Thumb Code     0  startup_stm32l476xx.o(.text)
    SPI2_IRQHandler                          0x08000325   Thumb Code     0  startup_stm32l476xx.o(.text)
    SPI3_IRQHandler                          0x08000325   Thumb Code     0  startup_stm32l476xx.o(.text)
    SWPMI1_IRQHandler                        0x08000325   Thumb Code     0  startup_stm32l476xx.o(.text)
    TAMP_STAMP_IRQHandler                    0x08000325   Thumb Code     0  startup_stm32l476xx.o(.text)
    TIM1_BRK_TIM15_IRQHandler                0x08000325   Thumb Code     0  startup_stm32l476xx.o(.text)
    TIM1_CC_IRQHandler                       0x08000325   Thumb Code     0  startup_stm32l476xx.o(.text)
    TIM1_TRG_COM_TIM17_IRQHandler            0x08000325   Thumb Code     0  startup_stm32l476xx.o(.text)
    TIM1_UP_TIM16_IRQHandler                 0x08000325   Thumb Code     0  startup_stm32l476xx.o(.text)
    TIM2_IRQHandler                          0x08000325   Thumb Code     0  startup_stm32l476xx.o(.text)
    TIM3_IRQHandler                          0x08000325   Thumb Code     0  startup_stm32l476xx.o(.text)
    TIM4_IRQHandler                          0x08000325   Thumb Code     0  startup_stm32l476xx.o(.text)
    TIM5_IRQHandler                          0x08000325   Thumb Code     0  startup_stm32l476xx.o(.text)
    TIM6_DAC_IRQHandler                      0x08000325   Thumb Code     0  startup_stm32l476xx.o(.text)
    TIM7_IRQHandler                          0x08000325   Thumb Code     0  startup_stm32l476xx.o(.text)
    TIM8_BRK_IRQHandler                      0x08000325   Thumb Code     0  startup_stm32l476xx.o(.text)
    TIM8_CC_IRQHandler                       0x08000325   Thumb Code     0  startup_stm32l476xx.o(.text)
    TIM8_TRG_COM_IRQHandler                  0x08000325   Thumb Code     0  startup_stm32l476xx.o(.text)
    TIM8_UP_IRQHandler                       0x08000325   Thumb Code     0  startup_stm32l476xx.o(.text)
    TSC_IRQHandler                           0x08000325   Thumb Code     0  startup_stm32l476xx.o(.text)
    UART4_IRQHandler                         0x08000325   Thumb Code     0  startup_stm32l476xx.o(.text)
    UART5_IRQHandler                         0x08000325   Thumb Code     0  startup_stm32l476xx.o(.text)
    USART1_IRQHandler                        0x08000325   Thumb Code     0  startup_stm32l476xx.o(.text)
    USART2_IRQHandler                        0x08000325   Thumb Code     0  startup_stm32l476xx.o(.text)
    USART3_IRQHandler                        0x08000325   Thumb Code     0  startup_stm32l476xx.o(.text)
    WWDG_IRQHandler                          0x08000325   Thumb Code     0  startup_stm32l476xx.o(.text)
    __user_initial_stackheap                 0x08000329   Thumb Code     0  startup_stm32l476xx.o(.text)
    printf                                   0x08000361   Thumb Code    20  printf.o(.text)
    scanf                                    0x08000379   Thumb Code    26  scanf.o(.text)
    __use_two_region_memory                  0x08000399   Thumb Code     2  heapauxi.o(.text)
    __rt_heap_escrow$2region                 0x0800039b   Thumb Code     2  heapauxi.o(.text)
    __rt_heap_expand$2region                 0x0800039d   Thumb Code     2  heapauxi.o(.text)
    _printf_pre_padding                      0x0800039f   Thumb Code    44  _printf_pad.o(.text)
    _printf_post_padding                     0x080003cb   Thumb Code    34  _printf_pad.o(.text)
    _printf_truncate_signed                  0x080003ed   Thumb Code    18  _printf_truncate.o(.text)
    _printf_truncate_unsigned                0x080003ff   Thumb Code    18  _printf_truncate.o(.text)
    _printf_str                              0x08000411   Thumb Code    82  _printf_str.o(.text)
    _printf_int_dec                          0x08000465   Thumb Code   104  _printf_dec.o(.text)
    _printf_charcount                        0x080004dd   Thumb Code    40  _printf_charcount.o(.text)
    _printf_char_file                        0x08000505   Thumb Code    32  _printf_char_file.o(.text)
    _printf_wctomb                           0x08000529   Thumb Code   182  _printf_wctomb.o(.text)
    _printf_longlong_dec                     0x080005ed   Thumb Code   108  _printf_longlong_dec.o(.text)
    _printf_longlong_oct                     0x08000669   Thumb Code    68  _printf_oct_int_ll.o(.text)
    _printf_int_oct                          0x080006ad   Thumb Code    24  _printf_oct_int_ll.o(.text)
    _printf_ll_oct                           0x080006c5   Thumb Code    12  _printf_oct_int_ll.o(.text)
    _printf_longlong_hex                     0x080006d9   Thumb Code    86  _printf_hex_int_ll_ptr.o(.text)
    _printf_int_hex                          0x0800072f   Thumb Code    28  _printf_hex_int_ll_ptr.o(.text)
    _printf_ll_hex                           0x0800074b   Thumb Code    12  _printf_hex_int_ll_ptr.o(.text)
    _printf_hex_ptr                          0x08000757   Thumb Code    18  _printf_hex_int_ll_ptr.o(.text)
    __printf                                 0x0800076d   Thumb Code   388  __printf_flags_ss_wp.o(.text)
    _scanf_longlong                          0x080008fb   Thumb Code   342  _scanf_longlong.o(.text)
    _scanf_int                               0x08000a57   Thumb Code   332  _scanf_int.o(.text)
    _scanf_string                            0x08000ba9   Thumb Code   224  _scanf_str.o(.text)
    __vfscanf_char_file                      0x08000c91   Thumb Code    16  scanf_char_file.o(.text)
    _scanf_mbtowc                            0x08000ca9   Thumb Code   276  _scanf_mbtowc.o(.text)
    _scanf_wctomb                            0x08000dc3   Thumb Code   232  _scanf_wctomb.o(.text)
    _scanf_wstring                           0x08000eb1   Thumb Code   208  _scanf_wstr.o(.text)
    _ll_udiv10                               0x08000f87   Thumb Code   138  lludiv10.o(.text)
    _printf_int_common                       0x08001011   Thumb Code   178  _printf_intcommon.o(.text)
    _printf_fp_dec_real                      0x08001273   Thumb Code   620  _printf_fp_dec.o(.text)
    _printf_fp_hex_real                      0x080014e5   Thumb Code   756  _printf_fp_hex.o(.text)
    _printf_char_common                      0x080017f3   Thumb Code    32  _printf_char_common.o(.text)
    _printf_cs_common                        0x08001819   Thumb Code    20  _printf_char.o(.text)
    _printf_char                             0x0800182d   Thumb Code    16  _printf_char.o(.text)
    _printf_string                           0x0800183d   Thumb Code     8  _printf_char.o(.text)
    _printf_lcs_common                       0x08001845   Thumb Code    20  _printf_wchar.o(.text)
    _printf_wchar                            0x08001859   Thumb Code    16  _printf_wchar.o(.text)
    _printf_wstring                          0x08001869   Thumb Code     8  _printf_wchar.o(.text)
    _chval                                   0x08001871   Thumb Code    28  _chval.o(.text)
    _scanf_really_real                       0x08001ad9   Thumb Code   684  scanf_fp.o(.text)
    __vfscanf_char                           0x08001da1   Thumb Code    24  scanf_char.o(.text)
    _scanf_wcharmap                          0x08001dc1   Thumb Code    30  _scanf_wcharmap.o(.text)
    ___backspace$unlocked                    0x08001ddf   Thumb Code     2  backspace.o(.text)
    __backspace                              0x08001de1   Thumb Code    70  backspace.o(.text)
    ferror                                   0x08001e27   Thumb Code     8  ferror.o(.text)
    _mbrtoc16                                0x08001e2f   Thumb Code    64  _mbrtoc16.o(.text)
    _mbrtowc                                 0x08001e2f   Thumb Code     0  _mbrtoc16.o(.text)
    _c16rtomb                                0x08001e6f   Thumb Code    72  _c16rtomb.o(.text)
    _wcrtomb                                 0x08001e6f   Thumb Code     0  _c16rtomb.o(.text)
    __user_setup_stackheap                   0x08001eb7   Thumb Code    74  sys_stackheap_outer.o(.text)
    __rt_ctype_table                         0x08001f01   Thumb Code    16  rt_ctype_table.o(.text)
    __rt_locale                              0x08001f11   Thumb Code     8  rt_locale_intlibspace.o(.text)
    __aeabi_errno_addr                       0x08001f19   Thumb Code     8  rt_errno_addr_intlibspace.o(.text)
    __errno$intlibspace                      0x08001f19   Thumb Code     0  rt_errno_addr_intlibspace.o(.text)
    __rt_errno_addr$intlibspace              0x08001f19   Thumb Code     0  rt_errno_addr_intlibspace.o(.text)
    __aeabi_llsl                             0x08001f21   Thumb Code     0  llshl.o(.text)
    _ll_shift_l                              0x08001f21   Thumb Code    38  llshl.o(.text)
    isspace                                  0x08001f47   Thumb Code    18  isspace.o(.text)
    _printf_fp_infnan                        0x08001f59   Thumb Code   112  _printf_fp_infnan.o(.text)
    __vfscanf                                0x08001fd9   Thumb Code   878  _scanf.o(.text)
    _btod_etento                             0x08002355   Thumb Code   224  bigflt0.o(.text)
    _ungetc_internal                         0x08002439   Thumb Code    60  ungetc.o(.text)
    ungetc                                   0x08002439   Thumb Code     0  ungetc.o(.text)
    exit                                     0x08002481   Thumb Code    18  exit.o(.text)
    __user_libspace                          0x08002495   Thumb Code     8  libspace.o(.text)
    __user_perproc_libspace                  0x08002495   Thumb Code     0  libspace.o(.text)
    __user_perthread_libspace                0x08002495   Thumb Code     0  libspace.o(.text)
    __read_errno                             0x0800249d   Thumb Code    10  _rserrno.o(.text)
    __set_errno                              0x080024a7   Thumb Code    12  _rserrno.o(.text)
    _scanf_really_hex_real                   0x080024b5   Thumb Code   786  scanf_hexfp.o(.text)
    _scanf_really_infnan                     0x080027dd   Thumb Code   292  scanf_infnan.o(.text)
    strcmp                                   0x08002919   Thumb Code   124  strcmpv7em.o(.text)
    _sys_exit                                0x08002995   Thumb Code     8  sys_exit.o(.text)
    __I$use$semihosting                      0x080029a1   Thumb Code     0  use_no_semi.o(.text)
    __use_no_semihosting_swi                 0x080029a1   Thumb Code     2  use_no_semi.o(.text)
    __semihosting_library_function           0x080029a3   Thumb Code     0  indicate_semi.o(.text)
    Full_Stepping_Clockwise                  0x080029a5   Thumb Code   142  motor.o(.text.Full_Stepping_Clockwise)
    GPIO_Init                                0x08002a35   Thumb Code   112  motor.o(.text.GPIO_Init)
    ILI9341_Fill                             0x08002aa5   Thumb Code   154  my_ili9341.o(.text.ILI9341_Fill)
    ILI9341_Init                             0x08002b41   Thumb Code   544  my_ili9341.o(.text.ILI9341_Init)
    ILI9341_SendCommand                      0x08002d61   Thumb Code   126  my_ili9341.o(.text.ILI9341_SendCommand)
    ILI9341_SendData                         0x08002de1   Thumb Code   126  my_ili9341.o(.text.ILI9341_SendData)
    ILI9341_SetCursorPosition                0x08002e61   Thumb Code   106  my_ili9341.o(.text.ILI9341_SetCursorPosition)
    Init_USARTx                              0x08002ecd   Thumb Code    74  main.o(.text.Init_USARTx)
    SPI2_GPIO_Init                           0x08002f19   Thumb Code   118  spi.o(.text.SPI2_GPIO_Init)
    SPI_Delay                                0x08002f91   Thumb Code    50  spi.o(.text.SPI_Delay)
    SPI_Init                                 0x08002fc5   Thumb Code   162  spi.o(.text.SPI_Init)
    SPI_Transmit                             0x08003069   Thumb Code    30  my_ili9341.o(.text.SPI_Transmit)
    SPI_Write                                0x08003089   Thumb Code    80  spi.o(.text.SPI_Write)
    SysTick_Handler                          0x080030d9   Thumb Code    16  systimer.o(.text.SysTick_Handler)
    SysTick_Init                             0x080030e9   Thumb Code    90  systimer.o(.text.SysTick_Init)
    System_Clock_Init                        0x08003145   Thumb Code   466  sysclock.o(.text.System_Clock_Init)
    UART1_GPIO_Init                          0x08003319   Thumb Code   146  uart.o(.text.UART1_GPIO_Init)
    UART1_Init                               0x080033ad   Thumb Code    42  uart.o(.text.UART1_Init)
    UART2_GPIO_Init                          0x080033d9   Thumb Code   142  uart.o(.text.UART2_GPIO_Init)
    UART2_Init                               0x08003469   Thumb Code    42  uart.o(.text.UART2_Init)
    USART_Delay                              0x08003495   Thumb Code    50  uart.o(.text.USART_Delay)
    USART_Init                               0x080034c9   Thumb Code    86  uart.o(.text.USART_Init)
    USART_Read                               0x08003521   Thumb Code    30  uart.o(.text.USART_Read)
    USART_Write                              0x08003541   Thumb Code   100  uart.o(.text.USART_Write)
    delay                                    0x08003619   Thumb Code    46  systimer.o(.text.delay)
    fgetc                                    0x08003649   Thumb Code    30  uart_printf.o(.text.fgetc)
    fputc                                    0x08003669   Thumb Code    38  uart_printf.o(.text.fputc)
    main                                     0x08003691   Thumb Code   336  main.o(.text.main)
    _btod_d2e                                0x080037e1   Thumb Code    62  btod.o(CL$$btod_d2e)
    _d2e_denorm_low                          0x0800381f   Thumb Code    70  btod.o(CL$$btod_d2e_denorm_low)
    _d2e_norm_op1                            0x08003865   Thumb Code    96  btod.o(CL$$btod_d2e_norm_op1)
    __btod_div_common                        0x080038c5   Thumb Code   696  btod.o(CL$$btod_div_common)
    _e2d                                     0x08003bfd   Thumb Code   122  btod.o(CL$$btod_e2d)
    _e2e                                     0x08003c81   Thumb Code   220  btod.o(CL$$btod_e2e)
    _btod_ediv                               0x08003d5d   Thumb Code    42  btod.o(CL$$btod_ediv)
    _btod_edivd                              0x08003d87   Thumb Code    42  btod.o(CL$$btod_edivd)
    _btod_emul                               0x08003db1   Thumb Code    42  btod.o(CL$$btod_emul)
    _btod_emuld                              0x08003ddb   Thumb Code    42  btod.o(CL$$btod_emuld)
    __btod_mult_common                       0x08003e05   Thumb Code   580  btod.o(CL$$btod_mult_common)
    __ARM_fpclassify                         0x08004049   Thumb Code    48  fpclassify.o(i.__ARM_fpclassify)
    __hardfp___mathlib_tofloat               0x08004079   Thumb Code   232  narrow.o(i.__hardfp___mathlib_tofloat)
    __hardfp_ldexp                           0x08004171   Thumb Code   200  ldexp.o(i.__hardfp_ldexp)
    __mathlib_dbl_overflow                   0x08004241   Thumb Code    24  dunder.o(i.__mathlib_dbl_overflow)
    __mathlib_dbl_underflow                  0x08004261   Thumb Code    24  dunder.o(i.__mathlib_dbl_underflow)
    __mathlib_narrow                         0x08004281   Thumb Code    18  narrow.o(i.__mathlib_narrow)
    __support_ldexp                          0x08004293   Thumb Code    20  ldexp.o(i.__support_ldexp)
    _is_digit                                0x080042a7   Thumb Code    14  __printf_wp.o(i._is_digit)
    frexp                                    0x080042b9   Thumb Code   118  frexp.o(i.frexp)
    _get_lc_numeric                          0x08004345   Thumb Code    44  lc_numeric_c.o(locale$$code)
    _get_lc_ctype                            0x08004371   Thumb Code    44  lc_ctype_c.o(locale$$code)
    __aeabi_d2f                              0x0800439d   Thumb Code     0  d2f.o(x$fpl$d2f)
    _d2f                                     0x0800439d   Thumb Code    98  d2f.o(x$fpl$d2f)
    __fpl_dcheck_NaN1                        0x08004401   Thumb Code    10  dcheck1.o(x$fpl$dcheck1)
    __fpl_dcmp_Inf                           0x08004411   Thumb Code    24  dcmpi.o(x$fpl$dcmpinf)
    __aeabi_cdcmpeq                          0x08004429   Thumb Code     0  deqf.o(x$fpl$deqf)
    _dcmpeq                                  0x08004429   Thumb Code   120  deqf.o(x$fpl$deqf)
    __aeabi_cdcmple                          0x080044a1   Thumb Code     0  dleqf.o(x$fpl$dleqf)
    _dcmple                                  0x080044a1   Thumb Code   120  dleqf.o(x$fpl$dleqf)
    __fpl_dcmple_InfNaN                      0x08004503   Thumb Code     0  dleqf.o(x$fpl$dleqf)
    __aeabi_dmul                             0x08004519   Thumb Code     0  dmul.o(x$fpl$dmul)
    _dmul                                    0x08004519   Thumb Code   332  dmul.o(x$fpl$dmul)
    __fpl_dnaninf                            0x0800466d   Thumb Code   156  dnaninf.o(x$fpl$dnaninf)
    __fpl_dretinf                            0x08004709   Thumb Code    12  dretinf.o(x$fpl$dretinf)
    __aeabi_cdrcmple                         0x08004715   Thumb Code     0  drleqf.o(x$fpl$drleqf)
    _drcmple                                 0x08004715   Thumb Code   108  drleqf.o(x$fpl$drleqf)
    _fp_init                                 0x08004781   Thumb Code    26  fpinit.o(x$fpl$fpinit)
    __fplib_config_fpu_vfp                   0x08004799   Thumb Code     0  fpinit.o(x$fpl$fpinit)
    __fplib_config_pureend_doubles           0x08004799   Thumb Code     0  fpinit.o(x$fpl$fpinit)
    __fpl_fretinf                            0x0800479b   Thumb Code    10  fretinf.o(x$fpl$fretinf)
    __ieee_status                            0x080047a5   Thumb Code     6  istatus.o(x$fpl$ieeestatus)
    _printf_fp_dec                           0x080047ab   Thumb Code     4  printf1.o(x$fpl$printf1)
    _printf_fp_hex                           0x080047af   Thumb Code     4  printf2.o(x$fpl$printf2)
    __fpl_return_NaN                         0x080047b3   Thumb Code   100  retnan.o(x$fpl$retnan)
    __ARM_scalbn                             0x08004817   Thumb Code    92  scalbn.o(x$fpl$scalbn)
    _scanf_real                              0x08004873   Thumb Code     4  scanf1.o(x$fpl$scanf1)
    _scanf_hex_real                          0x08004877   Thumb Code     4  scanf2.o(x$fpl$scanf2)
    _scanf_infnan                            0x0800487b   Thumb Code     4  scanf2.o(x$fpl$scanf2)
    __fpl_cmpreturn                          0x0800487f   Thumb Code    48  trapv.o(x$fpl$trapveneer)
    __I$use$fp                               0x080048ae   Number         0  usenofp.o(x$fpl$usenofp)
    Region$$Table$$Base                      0x08004a1c   Number         0  anon$$obj.o(Region$$Table)
    Region$$Table$$Limit                     0x08004a3c   Number         0  anon$$obj.o(Region$$Table)
    __aeabi_HUGE_VAL                         0x08004a3c   Data           0  fpconst.o(c$$dinf)
    __aeabi_HUGE_VALL                        0x08004a3c   Data           0  fpconst.o(c$$dinf)
    __aeabi_INFINITY                         0x08004a3c   Data           0  fpconst.o(c$$dinf)
    __dInf                                   0x08004a3c   Data           0  fpconst.o(c$$dinf)
    __huge_val                               0x08004a3c   Data           0  fpconst.o(c$$dinf)
    __dbl_max                                0x08004a44   Data           0  fpconst.o(c$$dmax)
    __ctype                                  0x08004a75   Data           0  lc_ctype_c.o(locale$$data)
    Image$$ER_IROM1$$RO$$Limit               0x08004b78   Number         0  anon$$obj.o ABSOLUTE
    Image$$ER_IROM1$$RW$$Base                0x08004b78   Number         0  anon$$obj.o ABSOLUTE
    Image$$ER_IROM1$$RW$$Limit               0x08004b78   Number         0  anon$$obj.o ABSOLUTE
    Image$$ER_IROM1$$ZI$$Base                0x08004b78   Number         0  anon$$obj.o ABSOLUTE
    Image$$ER_IROM1$$ZI$$Limit               0x08004b78   Number         0  anon$$obj.o ABSOLUTE
    Load$$RW_IRAM1$$Base                     0x08004b78   Number         0  anon$$obj.o ABSOLUTE
    Image$$RW_IRAM1$$Base                    0x20000000   Number         0  anon$$obj.o ABSOLUTE
    Image$$RW_IRAM1$$RO$$Base                0x20000000   Number         0  anon$$obj.o ABSOLUTE
    Image$$RW_IRAM1$$RW$$Base                0x20000000   Number         0  anon$$obj.o ABSOLUTE
    Image$$RW_IRAM1$$Limit                   0x20000008   Number         0  anon$$obj.o ABSOLUTE
    Image$$RW_IRAM1$$RW$$Limit               0x20000008   Number         0  anon$$obj.o ABSOLUTE
    Image$$RW_IRAM1$$ZI$$Base                0x20000008   Number         0  anon$$obj.o ABSOLUTE
    __libspace_start                         0x20000008   Data          96  libspace.o(.bss)
    __stdin                                  0x20000068   Data          84  uart_printf.o(.bss.__stdin)
    __temporary_stack_top$libspace           0x20000068   Data           0  libspace.o(.bss)
    __stdout                                 0x200000bc   Data          84  uart_printf.o(.bss.__stdout)
    msTicks                                  0x20000114   Data           4  systimer.o(.bss.msTicks)
    Image$$RW_IRAM1$$ZI$$Limit               0x20000730   Number         0  anon$$obj.o ABSOLUTE



==============================================================================

Memory Map of the image

  Image Entry point : 0x08000189

  Load Region LR_IROM1 (Base: 0x08000000, Size: 0x00004b80, Max: 0x00100000, ABSOLUTE)

    Execution Region ER_IROM1 (Exec base: 0x08000000, Load base: 0x08000000, Size: 0x00004b78, Max: 0x00100000, ABSOLUTE)

    Exec Addr    Load Addr    Size         Type   Attr      Idx    E Section Name        Object

    0x08000000   0x08000000   0x00000188   Data   RO           16    RESET               startup_stm32l476xx.o
    0x08000188   0x08000188   0x00000008   Code   RO          190  * !!!main             c_w.l(__main.o)
    0x08000190   0x08000190   0x00000034   Code   RO          669    !!!scatter          c_w.l(__scatter.o)
    0x080001c4   0x080001c4   0x0000001a   Code   RO          671    !!handler_copy      c_w.l(__scatter_copy.o)
    0x080001de   0x080001de   0x00000002   PAD
    0x080001e0   0x080001e0   0x0000001c   Code   RO          673    !!handler_zi        c_w.l(__scatter_zi.o)
    0x080001fc   0x080001fc   0x00000000   Code   RO          272    .ARM.Collect$$_printf_percent$$00000000  c_w.l(_printf_percent.o)
    0x080001fc   0x080001fc   0x00000006   Code   RO          261    .ARM.Collect$$_printf_percent$$00000001  c_w.l(_printf_n.o)
    0x08000202   0x08000202   0x00000006   Code   RO          263    .ARM.Collect$$_printf_percent$$00000002  c_w.l(_printf_p.o)
    0x08000208   0x08000208   0x00000006   Code   RO          268    .ARM.Collect$$_printf_percent$$00000003  c_w.l(_printf_f.o)
    0x0800020e   0x0800020e   0x00000006   Code   RO          269    .ARM.Collect$$_printf_percent$$00000004  c_w.l(_printf_e.o)
    0x08000214   0x08000214   0x00000006   Code   RO          270    .ARM.Collect$$_printf_percent$$00000005  c_w.l(_printf_g.o)
    0x0800021a   0x0800021a   0x00000006   Code   RO          271    .ARM.Collect$$_printf_percent$$00000006  c_w.l(_printf_a.o)
    0x08000220   0x08000220   0x0000000a   Code   RO          276    .ARM.Collect$$_printf_percent$$00000007  c_w.l(_printf_ll.o)
    0x0800022a   0x0800022a   0x00000006   Code   RO          265    .ARM.Collect$$_printf_percent$$00000008  c_w.l(_printf_i.o)
    0x08000230   0x08000230   0x00000006   Code   RO          266    .ARM.Collect$$_printf_percent$$00000009  c_w.l(_printf_d.o)
    0x08000236   0x08000236   0x00000006   Code   RO          267    .ARM.Collect$$_printf_percent$$0000000A  c_w.l(_printf_u.o)
    0x0800023c   0x0800023c   0x00000006   Code   RO          264    .ARM.Collect$$_printf_percent$$0000000B  c_w.l(_printf_o.o)
    0x08000242   0x08000242   0x00000006   Code   RO          262    .ARM.Collect$$_printf_percent$$0000000C  c_w.l(_printf_x.o)
    0x08000248   0x08000248   0x00000006   Code   RO          273    .ARM.Collect$$_printf_percent$$0000000D  c_w.l(_printf_lli.o)
    0x0800024e   0x0800024e   0x00000006   Code   RO          274    .ARM.Collect$$_printf_percent$$0000000E  c_w.l(_printf_lld.o)
    0x08000254   0x08000254   0x00000006   Code   RO          275    .ARM.Collect$$_printf_percent$$0000000F  c_w.l(_printf_llu.o)
    0x0800025a   0x0800025a   0x00000006   Code   RO          280    .ARM.Collect$$_printf_percent$$00000010  c_w.l(_printf_llo.o)
    0x08000260   0x08000260   0x00000006   Code   RO          281    .ARM.Collect$$_printf_percent$$00000011  c_w.l(_printf_llx.o)
    0x08000266   0x08000266   0x0000000a   Code   RO          277    .ARM.Collect$$_printf_percent$$00000012  c_w.l(_printf_l.o)
    0x08000270   0x08000270   0x00000006   Code   RO          259    .ARM.Collect$$_printf_percent$$00000013  c_w.l(_printf_c.o)
    0x08000276   0x08000276   0x00000006   Code   RO          260    .ARM.Collect$$_printf_percent$$00000014  c_w.l(_printf_s.o)
    0x0800027c   0x0800027c   0x00000006   Code   RO          278    .ARM.Collect$$_printf_percent$$00000015  c_w.l(_printf_lc.o)
    0x08000282   0x08000282   0x00000006   Code   RO          279    .ARM.Collect$$_printf_percent$$00000016  c_w.l(_printf_ls.o)
    0x08000288   0x08000288   0x00000004   Code   RO          338    .ARM.Collect$$_printf_percent$$00000017  c_w.l(_printf_percent_end.o)
    0x0800028c   0x0800028c   0x00000002   Code   RO          429    .ARM.Collect$$libinit$$00000000  c_w.l(libinit.o)
    0x0800028e   0x0800028e   0x00000004   Code   RO          471    .ARM.Collect$$libinit$$00000001  c_w.l(libinit2.o)
    0x08000292   0x08000292   0x00000000   Code   RO          474    .ARM.Collect$$libinit$$00000004  c_w.l(libinit2.o)
    0x08000292   0x08000292   0x00000000   Code   RO          476    .ARM.Collect$$libinit$$00000006  c_w.l(libinit2.o)
    0x08000292   0x08000292   0x00000000   Code   RO          479    .ARM.Collect$$libinit$$0000000C  c_w.l(libinit2.o)
    0x08000292   0x08000292   0x00000000   Code   RO          481    .ARM.Collect$$libinit$$0000000E  c_w.l(libinit2.o)
    0x08000292   0x08000292   0x00000000   Code   RO          483    .ARM.Collect$$libinit$$00000010  c_w.l(libinit2.o)
    0x08000292   0x08000292   0x00000006   Code   RO          484    .ARM.Collect$$libinit$$00000011  c_w.l(libinit2.o)
    0x08000298   0x08000298   0x00000000   Code   RO          486    .ARM.Collect$$libinit$$00000013  c_w.l(libinit2.o)
    0x08000298   0x08000298   0x0000000c   Code   RO          487    .ARM.Collect$$libinit$$00000014  c_w.l(libinit2.o)
    0x080002a4   0x080002a4   0x00000000   Code   RO          488    .ARM.Collect$$libinit$$00000015  c_w.l(libinit2.o)
    0x080002a4   0x080002a4   0x00000000   Code   RO          490    .ARM.Collect$$libinit$$00000017  c_w.l(libinit2.o)
    0x080002a4   0x080002a4   0x0000000a   Code   RO          491    .ARM.Collect$$libinit$$00000018  c_w.l(libinit2.o)
    0x080002ae   0x080002ae   0x00000000   Code   RO          492    .ARM.Collect$$libinit$$00000019  c_w.l(libinit2.o)
    0x080002ae   0x080002ae   0x00000000   Code   RO          494    .ARM.Collect$$libinit$$0000001B  c_w.l(libinit2.o)
    0x080002ae   0x080002ae   0x00000000   Code   RO          496    .ARM.Collect$$libinit$$0000001D  c_w.l(libinit2.o)
    0x080002ae   0x080002ae   0x00000000   Code   RO          498    .ARM.Collect$$libinit$$0000001F  c_w.l(libinit2.o)
    0x080002ae   0x080002ae   0x00000000   Code   RO          500    .ARM.Collect$$libinit$$00000021  c_w.l(libinit2.o)
    0x080002ae   0x080002ae   0x00000000   Code   RO          502    .ARM.Collect$$libinit$$00000023  c_w.l(libinit2.o)
    0x080002ae   0x080002ae   0x00000000   Code   RO          504    .ARM.Collect$$libinit$$00000025  c_w.l(libinit2.o)
    0x080002ae   0x080002ae   0x00000000   Code   RO          506    .ARM.Collect$$libinit$$00000027  c_w.l(libinit2.o)
    0x080002ae   0x080002ae   0x00000000   Code   RO          510    .ARM.Collect$$libinit$$0000002E  c_w.l(libinit2.o)
    0x080002ae   0x080002ae   0x00000000   Code   RO          512    .ARM.Collect$$libinit$$00000030  c_w.l(libinit2.o)
    0x080002ae   0x080002ae   0x00000000   Code   RO          514    .ARM.Collect$$libinit$$00000032  c_w.l(libinit2.o)
    0x080002ae   0x080002ae   0x00000000   Code   RO          516    .ARM.Collect$$libinit$$00000034  c_w.l(libinit2.o)
    0x080002ae   0x080002ae   0x00000002   Code   RO          517    .ARM.Collect$$libinit$$00000035  c_w.l(libinit2.o)
    0x080002b0   0x080002b0   0x00000002   Code   RO          571    .ARM.Collect$$libshutdown$$00000000  c_w.l(libshutdown.o)
    0x080002b2   0x080002b2   0x00000000   Code   RO          604    .ARM.Collect$$libshutdown$$00000002  c_w.l(libshutdown2.o)
    0x080002b2   0x080002b2   0x00000000   Code   RO          606    .ARM.Collect$$libshutdown$$00000004  c_w.l(libshutdown2.o)
    0x080002b2   0x080002b2   0x00000000   Code   RO          609    .ARM.Collect$$libshutdown$$00000007  c_w.l(libshutdown2.o)
    0x080002b2   0x080002b2   0x00000000   Code   RO          612    .ARM.Collect$$libshutdown$$0000000A  c_w.l(libshutdown2.o)
    0x080002b2   0x080002b2   0x00000000   Code   RO          614    .ARM.Collect$$libshutdown$$0000000C  c_w.l(libshutdown2.o)
    0x080002b2   0x080002b2   0x00000000   Code   RO          617    .ARM.Collect$$libshutdown$$0000000F  c_w.l(libshutdown2.o)
    0x080002b2   0x080002b2   0x00000002   Code   RO          618    .ARM.Collect$$libshutdown$$00000010  c_w.l(libshutdown2.o)
    0x080002b4   0x080002b4   0x00000000   Code   RO          192    .ARM.Collect$$rtentry$$00000000  c_w.l(__rtentry.o)
    0x080002b4   0x080002b4   0x00000000   Code   RO          307    .ARM.Collect$$rtentry$$00000002  c_w.l(__rtentry2.o)
    0x080002b4   0x080002b4   0x00000006   Code   RO          319    .ARM.Collect$$rtentry$$00000004  c_w.l(__rtentry4.o)
    0x080002ba   0x080002ba   0x00000000   Code   RO          309    .ARM.Collect$$rtentry$$00000009  c_w.l(__rtentry2.o)
    0x080002ba   0x080002ba   0x00000004   Code   RO          310    .ARM.Collect$$rtentry$$0000000A  c_w.l(__rtentry2.o)
    0x080002be   0x080002be   0x00000000   Code   RO          312    .ARM.Collect$$rtentry$$0000000C  c_w.l(__rtentry2.o)
    0x080002be   0x080002be   0x00000008   Code   RO          313    .ARM.Collect$$rtentry$$0000000D  c_w.l(__rtentry2.o)
    0x080002c6   0x080002c6   0x00000002   Code   RO          456    .ARM.Collect$$rtexit$$00000000  c_w.l(rtexit.o)
    0x080002c8   0x080002c8   0x00000000   Code   RO          531    .ARM.Collect$$rtexit$$00000002  c_w.l(rtexit2.o)
    0x080002c8   0x080002c8   0x00000004   Code   RO          532    .ARM.Collect$$rtexit$$00000003  c_w.l(rtexit2.o)
    0x080002cc   0x080002cc   0x00000006   Code   RO          533    .ARM.Collect$$rtexit$$00000004  c_w.l(rtexit2.o)
    0x080002d2   0x080002d2   0x00000002   PAD
    0x080002d4   0x080002d4   0x0000008c   Code   RO           17    .text               startup_stm32l476xx.o
    0x08000360   0x08000360   0x00000018   Code   RO          182    .text               c_w.l(printf.o)
    0x08000378   0x08000378   0x00000020   Code   RO          184    .text               c_w.l(scanf.o)
    0x08000398   0x08000398   0x00000006   Code   RO          188    .text               c_w.l(heapauxi.o)
    0x0800039e   0x0800039e   0x0000004e   Code   RO          195    .text               c_w.l(_printf_pad.o)
    0x080003ec   0x080003ec   0x00000024   Code   RO          197    .text               c_w.l(_printf_truncate.o)
    0x08000410   0x08000410   0x00000052   Code   RO          199    .text               c_w.l(_printf_str.o)
    0x08000462   0x08000462   0x00000002   PAD
    0x08000464   0x08000464   0x00000078   Code   RO          201    .text               c_w.l(_printf_dec.o)
    0x080004dc   0x080004dc   0x00000028   Code   RO          203    .text               c_w.l(_printf_charcount.o)
    0x08000504   0x08000504   0x00000024   Code   RO          205    .text               c_w.l(_printf_char_file.o)
    0x08000528   0x08000528   0x000000c2   Code   RO          207    .text               c_w.l(_printf_wctomb.o)
    0x080005ea   0x080005ea   0x00000002   PAD
    0x080005ec   0x080005ec   0x0000007c   Code   RO          210    .text               c_w.l(_printf_longlong_dec.o)
    0x08000668   0x08000668   0x00000070   Code   RO          216    .text               c_w.l(_printf_oct_int_ll.o)
    0x080006d8   0x080006d8   0x00000094   Code   RO          236    .text               c_w.l(_printf_hex_int_ll_ptr.o)
    0x0800076c   0x0800076c   0x0000018e   Code   RO          256    .text               c_w.l(__printf_flags_ss_wp.o)
    0x080008fa   0x080008fa   0x0000015c   Code   RO          282    .text               c_w.l(_scanf_longlong.o)
    0x08000a56   0x08000a56   0x00000152   Code   RO          284    .text               c_w.l(_scanf_int.o)
    0x08000ba8   0x08000ba8   0x000000e6   Code   RO          286    .text               c_w.l(_scanf_str.o)
    0x08000c8e   0x08000c8e   0x00000002   PAD
    0x08000c90   0x08000c90   0x00000018   Code   RO          288    .text               c_w.l(scanf_char_file.o)
    0x08000ca8   0x08000ca8   0x0000011a   Code   RO          290    .text               c_w.l(_scanf_mbtowc.o)
    0x08000dc2   0x08000dc2   0x000000ee   Code   RO          292    .text               c_w.l(_scanf_wctomb.o)
    0x08000eb0   0x08000eb0   0x000000d6   Code   RO          294    .text               c_w.l(_scanf_wstr.o)
    0x08000f86   0x08000f86   0x0000008a   Code   RO          321    .text               c_w.l(lludiv10.o)
    0x08001010   0x08001010   0x000000b2   Code   RO          323    .text               c_w.l(_printf_intcommon.o)
    0x080010c2   0x080010c2   0x00000422   Code   RO          325    .text               c_w.l(_printf_fp_dec.o)
    0x080014e4   0x080014e4   0x00000302   Code   RO          329    .text               c_w.l(_printf_fp_hex.o)
    0x080017e6   0x080017e6   0x00000002   PAD
    0x080017e8   0x080017e8   0x00000030   Code   RO          332    .text               c_w.l(_printf_char_common.o)
    0x08001818   0x08001818   0x0000002c   Code   RO          334    .text               c_w.l(_printf_char.o)
    0x08001844   0x08001844   0x0000002c   Code   RO          336    .text               c_w.l(_printf_wchar.o)
    0x08001870   0x08001870   0x0000001c   Code   RO          339    .text               c_w.l(_chval.o)
    0x0800188c   0x0800188c   0x00000508   Code   RO          341    .text               c_w.l(scanf_fp.o)
    0x08001d94   0x08001d94   0x0000002c   Code   RO          345    .text               c_w.l(scanf_char.o)
    0x08001dc0   0x08001dc0   0x0000001e   Code   RO          347    .text               c_w.l(_scanf_wcharmap.o)
    0x08001dde   0x08001dde   0x00000048   Code   RO          349    .text               c_w.l(backspace.o)
    0x08001e26   0x08001e26   0x00000008   Code   RO          351    .text               c_w.l(ferror.o)
    0x08001e2e   0x08001e2e   0x00000040   Code   RO          357    .text               c_w.l(_mbrtoc16.o)
    0x08001e6e   0x08001e6e   0x00000048   Code   RO          359    .text               c_w.l(_c16rtomb.o)
    0x08001eb6   0x08001eb6   0x0000004a   Code   RO          361    .text               c_w.l(sys_stackheap_outer.o)
    0x08001f00   0x08001f00   0x00000010   Code   RO          363    .text               c_w.l(rt_ctype_table.o)
    0x08001f10   0x08001f10   0x00000008   Code   RO          368    .text               c_w.l(rt_locale_intlibspace.o)
    0x08001f18   0x08001f18   0x00000008   Code   RO          373    .text               c_w.l(rt_errno_addr_intlibspace.o)
    0x08001f20   0x08001f20   0x00000026   Code   RO          375    .text               c_w.l(llshl.o)
    0x08001f46   0x08001f46   0x00000012   Code   RO          377    .text               c_w.l(isspace.o)
    0x08001f58   0x08001f58   0x00000080   Code   RO          379    .text               c_w.l(_printf_fp_infnan.o)
    0x08001fd8   0x08001fd8   0x0000037a   Code   RO          383    .text               c_w.l(_scanf.o)
    0x08002352   0x08002352   0x00000002   PAD
    0x08002354   0x08002354   0x000000e4   Code   RO          385    .text               c_w.l(bigflt0.o)
    0x08002438   0x08002438   0x00000048   Code   RO          415    .text               c_w.l(ungetc.o)
    0x08002480   0x08002480   0x00000012   Code   RO          420    .text               c_w.l(exit.o)
    0x08002492   0x08002492   0x00000002   PAD
    0x08002494   0x08002494   0x00000008   Code   RO          453    .text               c_w.l(libspace.o)
    0x0800249c   0x0800249c   0x00000016   Code   RO          458    .text               c_w.l(_rserrno.o)
    0x080024b2   0x080024b2   0x00000002   PAD
    0x080024b4   0x080024b4   0x00000326   Code   RO          460    .text               c_w.l(scanf_hexfp.o)
    0x080027da   0x080027da   0x00000002   PAD
    0x080027dc   0x080027dc   0x0000013a   Code   RO          462    .text               c_w.l(scanf_infnan.o)
    0x08002916   0x08002916   0x00000002   PAD
    0x08002918   0x08002918   0x0000007c   Code   RO          469    .text               c_w.l(strcmpv7em.o)
    0x08002994   0x08002994   0x0000000c   Code   RO          561    .text               c_w.l(sys_exit.o)
    0x080029a0   0x080029a0   0x00000002   Code   RO          594    .text               c_w.l(use_no_semi.o)
    0x080029a2   0x080029a2   0x00000000   Code   RO          596    .text               c_w.l(indicate_semi.o)
    0x080029a2   0x080029a2   0x00000002   PAD
    0x080029a4   0x080029a4   0x0000008e   Code   RO           84    .text.Full_Stepping_Clockwise  motor.o
    0x08002a32   0x08002a32   0x00000002   PAD
    0x08002a34   0x08002a34   0x00000070   Code   RO           82    .text.GPIO_Init     motor.o
    0x08002aa4   0x08002aa4   0x0000009a   Code   RO          134    .text.ILI9341_Fill  my_ili9341.o
    0x08002b3e   0x08002b3e   0x00000002   PAD
    0x08002b40   0x08002b40   0x00000220   Code   RO          130    .text.ILI9341_Init  my_ili9341.o
    0x08002d60   0x08002d60   0x0000007e   Code   RO          122    .text.ILI9341_SendCommand  my_ili9341.o
    0x08002dde   0x08002dde   0x00000002   PAD
    0x08002de0   0x08002de0   0x0000007e   Code   RO          124    .text.ILI9341_SendData  my_ili9341.o
    0x08002e5e   0x08002e5e   0x00000002   PAD
    0x08002e60   0x08002e60   0x0000006a   Code   RO          128    .text.ILI9341_SetCursorPosition  my_ili9341.o
    0x08002eca   0x08002eca   0x00000002   PAD
    0x08002ecc   0x08002ecc   0x0000004a   Code   RO            2    .text.Init_USARTx   main.o
    0x08002f16   0x08002f16   0x00000002   PAD
    0x08002f18   0x08002f18   0x00000076   Code   RO           24    .text.SPI2_GPIO_Init  spi.o
    0x08002f8e   0x08002f8e   0x00000002   PAD
    0x08002f90   0x08002f90   0x00000032   Code   RO           32    .text.SPI_Delay     spi.o
    0x08002fc2   0x08002fc2   0x00000002   PAD
    0x08002fc4   0x08002fc4   0x000000a2   Code   RO           26    .text.SPI_Init      spi.o
    0x08003066   0x08003066   0x00000002   PAD
    0x08003068   0x08003068   0x0000001e   Code   RO          120    .text.SPI_Transmit  my_ili9341.o
    0x08003086   0x08003086   0x00000002   PAD
    0x08003088   0x08003088   0x00000050   Code   RO           28    .text.SPI_Write     spi.o
    0x080030d8   0x080030d8   0x00000010   Code   RO           47    .text.SysTick_Handler  systimer.o
    0x080030e8   0x080030e8   0x0000005a   Code   RO           41    .text.SysTick_Init  systimer.o
    0x08003142   0x08003142   0x00000002   PAD
    0x08003144   0x08003144   0x000001d2   Code   RO          112    .text.System_Clock_Init  sysclock.o
    0x08003316   0x08003316   0x00000002   PAD
    0x08003318   0x08003318   0x00000092   Code   RO           63    .text.UART1_GPIO_Init  uart.o
    0x080033aa   0x080033aa   0x00000002   PAD
    0x080033ac   0x080033ac   0x0000002a   Code   RO           59    .text.UART1_Init    uart.o
    0x080033d6   0x080033d6   0x00000002   PAD
    0x080033d8   0x080033d8   0x0000008e   Code   RO           65    .text.UART2_GPIO_Init  uart.o
    0x08003466   0x08003466   0x00000002   PAD
    0x08003468   0x08003468   0x0000002a   Code   RO           61    .text.UART2_Init    uart.o
    0x08003492   0x08003492   0x00000002   PAD
    0x08003494   0x08003494   0x00000032   Code   RO           73    .text.USART_Delay   uart.o
    0x080034c6   0x080034c6   0x00000002   PAD
    0x080034c8   0x080034c8   0x00000056   Code   RO           67    .text.USART_Init    uart.o
    0x0800351e   0x0800351e   0x00000002   PAD
    0x08003520   0x08003520   0x0000001e   Code   RO           69    .text.USART_Read    uart.o
    0x0800353e   0x0800353e   0x00000002   PAD
    0x08003540   0x08003540   0x00000064   Code   RO           71    .text.USART_Write   uart.o
    0x080035a4   0x080035a4   0x00000030   Code   RO           43    .text.__NVIC_EnableIRQ  systimer.o
    0x080035d4   0x080035d4   0x00000042   Code   RO           45    .text.__NVIC_SetPriority  systimer.o
    0x08003616   0x08003616   0x00000002   PAD
    0x08003618   0x08003618   0x0000002e   Code   RO           49    .text.delay         systimer.o
    0x08003646   0x08003646   0x00000002   PAD
    0x08003648   0x08003648   0x0000001e   Code   RO          101    .text.fgetc         uart_printf.o
    0x08003666   0x08003666   0x00000002   PAD
    0x08003668   0x08003668   0x00000026   Code   RO           99    .text.fputc         uart_printf.o
    0x0800368e   0x0800368e   0x00000002   PAD
    0x08003690   0x08003690   0x00000150   Code   RO            4    .text.main          main.o
    0x080037e0   0x080037e0   0x0000003e   Code   RO          388    CL$$btod_d2e        c_w.l(btod.o)
    0x0800381e   0x0800381e   0x00000046   Code   RO          390    CL$$btod_d2e_denorm_low  c_w.l(btod.o)
    0x08003864   0x08003864   0x00000060   Code   RO          389    CL$$btod_d2e_norm_op1  c_w.l(btod.o)
    0x080038c4   0x080038c4   0x00000338   Code   RO          398    CL$$btod_div_common  c_w.l(btod.o)
    0x08003bfc   0x08003bfc   0x00000084   Code   RO          396    CL$$btod_e2d        c_w.l(btod.o)
    0x08003c80   0x08003c80   0x000000dc   Code   RO          395    CL$$btod_e2e        c_w.l(btod.o)
    0x08003d5c   0x08003d5c   0x0000002a   Code   RO          392    CL$$btod_ediv       c_w.l(btod.o)
    0x08003d86   0x08003d86   0x0000002a   Code   RO          394    CL$$btod_edivd      c_w.l(btod.o)
    0x08003db0   0x08003db0   0x0000002a   Code   RO          391    CL$$btod_emul       c_w.l(btod.o)
    0x08003dda   0x08003dda   0x0000002a   Code   RO          393    CL$$btod_emuld      c_w.l(btod.o)
    0x08003e04   0x08003e04   0x00000244   Code   RO          397    CL$$btod_mult_common  c_w.l(btod.o)
    0x08004048   0x08004048   0x00000030   Code   RO          443    i.__ARM_fpclassify  m_wm.l(fpclassify.o)
    0x08004078   0x08004078   0x000000f8   Code   RO          445    i.__hardfp___mathlib_tofloat  m_wm.l(narrow.o)
    0x08004170   0x08004170   0x000000d0   Code   RO          553    i.__hardfp_ldexp    m_wm.l(ldexp.o)
    0x08004240   0x08004240   0x00000020   Code   RO          580    i.__mathlib_dbl_overflow  m_wm.l(dunder.o)
    0x08004260   0x08004260   0x00000020   Code   RO          582    i.__mathlib_dbl_underflow  m_wm.l(dunder.o)
    0x08004280   0x08004280   0x00000012   Code   RO          446    i.__mathlib_narrow  m_wm.l(narrow.o)
    0x08004292   0x08004292   0x00000014   Code   RO          555    i.__support_ldexp   m_wm.l(ldexp.o)
    0x080042a6   0x080042a6   0x0000000e   Code   RO          249    i._is_digit         c_w.l(__printf_wp.o)
    0x080042b4   0x080042b4   0x00000004   PAD
    0x080042b8   0x080042b8   0x0000008c   Code   RO          526    i.frexp             m_wm.l(frexp.o)
    0x08004344   0x08004344   0x0000002c   Code   RO          418    locale$$code        c_w.l(lc_numeric_c.o)
    0x08004370   0x08004370   0x0000002c   Code   RO          467    locale$$code        c_w.l(lc_ctype_c.o)
    0x0800439c   0x0800439c   0x00000062   Code   RO          518    x$fpl$d2f           fz_wm.l(d2f.o)
    0x080043fe   0x080043fe   0x00000002   PAD
    0x08004400   0x08004400   0x00000010   Code   RO          625    x$fpl$dcheck1       fz_wm.l(dcheck1.o)
    0x08004410   0x08004410   0x00000018   Code   RO          541    x$fpl$dcmpinf       fz_wm.l(dcmpi.o)
    0x08004428   0x08004428   0x00000078   Code   RO          520    x$fpl$deqf          fz_wm.l(deqf.o)
    0x080044a0   0x080044a0   0x00000078   Code   RO          543    x$fpl$dleqf         fz_wm.l(dleqf.o)
    0x08004518   0x08004518   0x00000154   Code   RO          545    x$fpl$dmul          fz_wm.l(dmul.o)
    0x0800466c   0x0800466c   0x0000009c   Code   RO          547    x$fpl$dnaninf       fz_wm.l(dnaninf.o)
    0x08004708   0x08004708   0x0000000c   Code   RO          572    x$fpl$dretinf       fz_wm.l(dretinf.o)
    0x08004714   0x08004714   0x0000006c   Code   RO          522    x$fpl$drleqf        fz_wm.l(drleqf.o)
    0x08004780   0x08004780   0x0000001a   Code   RO          549    x$fpl$fpinit        fz_wm.l(fpinit.o)
    0x0800479a   0x0800479a   0x0000000a   Code   RO          551    x$fpl$fretinf       fz_wm.l(fretinf.o)
    0x080047a4   0x080047a4   0x00000006   Code   RO          434    x$fpl$ieeestatus    fz_wm.l(istatus.o)
    0x080047aa   0x080047aa   0x00000004   Code   RO          296    x$fpl$printf1       fz_wm.l(printf1.o)
    0x080047ae   0x080047ae   0x00000004   Code   RO          298    x$fpl$printf2       fz_wm.l(printf2.o)
    0x080047b2   0x080047b2   0x00000064   Code   RO          637    x$fpl$retnan        fz_wm.l(retnan.o)
    0x08004816   0x08004816   0x0000005c   Code   RO          574    x$fpl$scalbn        fz_wm.l(scalbn.o)
    0x08004872   0x08004872   0x00000004   Code   RO          304    x$fpl$scanf1        fz_wm.l(scanf1.o)
    0x08004876   0x08004876   0x00000008   Code   RO          436    x$fpl$scanf2        fz_wm.l(scanf2.o)
    0x0800487e   0x0800487e   0x00000030   Code   RO          643    x$fpl$trapveneer    fz_wm.l(trapv.o)
    0x080048ae   0x080048ae   0x00000000   Code   RO          442    x$fpl$usenofp       fz_wm.l(usenofp.o)
    0x080048ae   0x080048ae   0x00000002   PAD
    0x080048b0   0x080048b0   0x00000008   Data   RO          208    .constdata          c_w.l(_printf_wctomb.o)
    0x080048b8   0x080048b8   0x00000028   Data   RO          237    .constdata          c_w.l(_printf_hex_int_ll_ptr.o)
    0x080048e0   0x080048e0   0x00000011   Data   RO          257    .constdata          c_w.l(__printf_flags_ss_wp.o)
    0x080048f1   0x080048f1   0x00000026   Data   RO          330    .constdata          c_w.l(_printf_fp_hex.o)
    0x08004917   0x08004917   0x00000001   PAD
    0x08004918   0x08004918   0x00000094   Data   RO          386    .constdata          c_w.l(bigflt0.o)
    0x080049ac   0x080049ac   0x0000006e   Data   RO            6    .rodata.str1.1      main.o
    0x08004a1a   0x08004a1a   0x00000002   PAD
    0x08004a1c   0x08004a1c   0x00000020   Data   RO          668    Region$$Table       anon$$obj.o
    0x08004a3c   0x08004a3c   0x00000008   Data   RO          430    c$$dinf             fz_wm.l(fpconst.o)
    0x08004a44   0x08004a44   0x00000008   Data   RO          433    c$$dmax             fz_wm.l(fpconst.o)
    0x08004a4c   0x08004a4c   0x0000001c   Data   RO          417    locale$$data        c_w.l(lc_numeric_c.o)
    0x08004a68   0x08004a68   0x00000110   Data   RO          466    locale$$data        c_w.l(lc_ctype_c.o)


    Execution Region RW_IRAM1 (Exec base: 0x20000000, Load base: 0x08004b78, Size: 0x00000730, Max: 0x00018000, ABSOLUTE)

    Exec Addr    Load Addr    Size         Type   Attr      Idx    E Section Name        Object

    0x20000000   0x08004b78   0x00000001   Data   RW          171    .data.rotationNum   my_ili9341.o
    0x20000001   0x08004b79   0x00000007   PAD
    0x20000008        -       0x00000060   Zero   RW          454    .bss                c_w.l(libspace.o)
    0x20000068        -       0x00000054   Zero   RW          104    .bss.__stdin        uart_printf.o
    0x200000bc        -       0x00000054   Zero   RW          103    .bss.__stdout       uart_printf.o
    0x20000110        -       0x00000004   Zero   RW          168    .bss.lcdSPIhandle   my_ili9341.o
    0x20000114        -       0x00000004   Zero   RW           51    .bss.msTicks        systimer.o
    0x20000118        -       0x00000004   Zero   RW          167    .bss.tftCS_GPIO     my_ili9341.o
    0x2000011c        -       0x00000002   Zero   RW          166    .bss.tftCS_PIN      my_ili9341.o
    0x2000011e   0x08004b79   0x00000002   PAD
    0x20000120        -       0x00000004   Zero   RW          165    .bss.tftDC_GPIO     my_ili9341.o
    0x20000124        -       0x00000002   Zero   RW          164    .bss.tftDC_PIN      my_ili9341.o
    0x20000126   0x08004b79   0x00000002   PAD
    0x20000128        -       0x00000004   Zero   RW          170    .bss.tftRESET_GPIO  my_ili9341.o
    0x2000012c        -       0x00000002   Zero   RW          169    .bss.tftRESET_PIN   my_ili9341.o
    0x2000012e   0x08004b79   0x00000002   PAD
    0x20000130        -       0x00000200   Zero   RW           15    HEAP                startup_stm32l476xx.o
    0x20000330        -       0x00000400   Zero   RW           14    STACK               startup_stm32l476xx.o


==============================================================================

Image component sizes


      Code (inc. data)   RO Data    RW Data    ZI Data      Debug   Object Name

       410          0        110          0          0       1984   main.o
       254          0          0          0          0       2588   motor.o
      1086          0          0          1         22       9327   my_ili9341.o
       410          0          0          0          0       2730   spi.o
       140         48        392          0       1536        892   startup_stm32l476xx.o
       466          0          0          0          0       2103   sysclock.o
       266          0          0          0          4       4282   systimer.o
       638          0          0          0          0       3108   uart.o
        68          0          0          0        168       1555   uart_printf.o

    ----------------------------------------------------------------------
      3784         48        536          4       1740      28569   Object Totals
         0          0         32          0          0          0   (incl. Generated)
        46          0          2          3         10          0   (incl. Padding)

    ----------------------------------------------------------------------

      Code (inc. data)   RO Data    RW Data    ZI Data      Debug   Library Member Name

         8          0          0          0          0         68   __main.o
       398          4         17          0          0         92   __printf_flags_ss_wp.o
        14          0          0          0          0         68   __printf_wp.o
         0          0          0          0          0          0   __rtentry.o
        12          0          0          0          0          0   __rtentry2.o
         6          0          0          0          0          0   __rtentry4.o
        52          8          0          0          0          0   __scatter.o
        26          0          0          0          0          0   __scatter_copy.o
        28          0          0          0          0          0   __scatter_zi.o
        72          0          0          0          0         96   _c16rtomb.o
        28          0          0          0          0         68   _chval.o
        64          0          0          0          0         84   _mbrtoc16.o
         6          0          0          0          0          0   _printf_a.o
         6          0          0          0          0          0   _printf_c.o
        44          0          0          0          0        108   _printf_char.o
        48          6          0          0          0         96   _printf_char_common.o
        36          4          0          0          0         80   _printf_char_file.o
        40          0          0          0          0         68   _printf_charcount.o
         6          0          0          0          0          0   _printf_d.o
       120         16          0          0          0         92   _printf_dec.o
         6          0          0          0          0          0   _printf_e.o
         6          0          0          0          0          0   _printf_f.o
      1058          0          0          0          0        148   _printf_fp_dec.o
       770          8         38          0          0        100   _printf_fp_hex.o
       128         16          0          0          0         84   _printf_fp_infnan.o
         6          0          0          0          0          0   _printf_g.o
       148          4         40          0          0        160   _printf_hex_int_ll_ptr.o
         6          0          0          0          0          0   _printf_i.o
       178          0          0          0          0         88   _printf_intcommon.o
        10          0          0          0          0          0   _printf_l.o
         6          0          0          0          0          0   _printf_lc.o
        10          0          0          0          0          0   _printf_ll.o
         6          0          0          0          0          0   _printf_lld.o
         6          0          0          0          0          0   _printf_lli.o
         6          0          0          0          0          0   _printf_llo.o
         6          0          0          0          0          0   _printf_llu.o
         6          0          0          0          0          0   _printf_llx.o
       124         16          0          0          0         92   _printf_longlong_dec.o
         6          0          0          0          0          0   _printf_ls.o
         6          0          0          0          0          0   _printf_n.o
         6          0          0          0          0          0   _printf_o.o
       112          8          0          0          0        124   _printf_oct_int_ll.o
         6          0          0          0          0          0   _printf_p.o
        78          0          0          0          0        108   _printf_pad.o
         0          0          0          0          0          0   _printf_percent.o
         4          0          0          0          0          0   _printf_percent_end.o
         6          0          0          0          0          0   _printf_s.o
        82          0          0          0          0         80   _printf_str.o
        36          0          0          0          0         84   _printf_truncate.o
         6          0          0          0          0          0   _printf_u.o
        44          0          0          0          0        108   _printf_wchar.o
       194          6          8          0          0         92   _printf_wctomb.o
         6          0          0          0          0          0   _printf_x.o
        22          0          0          0          0        100   _rserrno.o
       890          6          0          0          0        100   _scanf.o
       338          0          0          0          0         96   _scanf_int.o
       348          0          0          0          0        100   _scanf_longlong.o
       282          0          0          0          0        100   _scanf_mbtowc.o
       230          0          0          0          0         96   _scanf_str.o
        30          0          0          0          0         76   _scanf_wcharmap.o
       238          0          0          0          0        100   _scanf_wctomb.o
       214          0          0          0          0         96   _scanf_wstr.o
        72          0          0          0          0         92   backspace.o
       228          4        148          0          0         96   bigflt0.o
      2152        136          0          0          0        956   btod.o
        18          0          0          0          0         80   exit.o
         8          0          0          0          0         68   ferror.o
         6          0          0          0          0        152   heapauxi.o
         0          0          0          0          0          0   indicate_semi.o
        18          0          0          0          0         76   isspace.o
        44         10        272          0          0         76   lc_ctype_c.o
        44         10         28          0          0         76   lc_numeric_c.o
         2          0          0          0          0          0   libinit.o
        34          0          0          0          0          0   libinit2.o
         2          0          0          0          0          0   libshutdown.o
         2          0          0          0          0          0   libshutdown2.o
         8          4          0          0         96         68   libspace.o
        38          0          0          0          0         68   llshl.o
       138          0          0          0          0         80   lludiv10.o
        24          4          0          0          0         84   printf.o
        16          4          0          0          0         76   rt_ctype_table.o
         8          4          0          0          0         68   rt_errno_addr_intlibspace.o
         8          4          0          0          0         68   rt_locale_intlibspace.o
         2          0          0          0          0          0   rtexit.o
        10          0          0          0          0          0   rtexit2.o
        32          6          0          0          0         84   scanf.o
        44          8          0          0          0         84   scanf_char.o
        24          8          0          0          0         68   scanf_char_file.o
      1288         16          0          0          0        168   scanf_fp.o
       806         14          0          0          0        100   scanf_hexfp.o
       314         16          0          0          0        100   scanf_infnan.o
       124          0          0          0          0         88   strcmpv7em.o
        12          4          0          0          0         68   sys_exit.o
        74          0          0          0          0         80   sys_stackheap_outer.o
        72         12          0          0          0         68   ungetc.o
         2          0          0          0          0         68   use_no_semi.o
        98          4          0          0          0        140   d2f.o
        16          4          0          0          0        116   dcheck1.o
        24          0          0          0          0        116   dcmpi.o
       120          4          0          0          0        140   deqf.o
       120          4          0          0          0        140   dleqf.o
       340         12          0          0          0        152   dmul.o
       156          4          0          0          0        140   dnaninf.o
        12          0          0          0          0        116   dretinf.o
       108          0          0          0          0        128   drleqf.o
         0          0         16          0          0          0   fpconst.o
        26          0          0          0          0        116   fpinit.o
        10          0          0          0          0        116   fretinf.o
         6          0          0          0          0        116   istatus.o
         4          0          0          0          0        116   printf1.o
         4          0          0          0          0        116   printf2.o
       100          0          0          0          0        116   retnan.o
        92          0          0          0          0        116   scalbn.o
         4          0          0          0          0        116   scanf1.o
         8          0          0          0          0        132   scanf2.o
        48          0          0          0          0        116   trapv.o
         0          0          0          0          0          0   usenofp.o
        64         16          0          0          0        248   dunder.o
        48          0          0          0          0        124   fpclassify.o
       140         22          0          0          0        132   frexp.o
       228          8          0          0          0        308   ldexp.o
       266         16          0          0          0        308   narrow.o

    ----------------------------------------------------------------------
     14432        460        568          0         96       9696   Library Totals
        32          0          1          0          0          0   (incl. Padding)

    ----------------------------------------------------------------------

      Code (inc. data)   RO Data    RW Data    ZI Data      Debug   Library Name

     12358        366        551          0         96       6212   c_w.l
      1296         32         16          0          0       2364   fz_wm.l
       746         62          0          0          0       1120   m_wm.l

    ----------------------------------------------------------------------
     14432        460        568          0         96       9696   Library Totals

    ----------------------------------------------------------------------

==============================================================================


      Code (inc. data)   RO Data    RW Data    ZI Data      Debug   

     18216        508       1104          4       1836      32245   Grand Totals
     18216        508       1104          4       1836      32245   ELF Image Totals
     18216        508       1104          4          0          0   ROM Totals

==============================================================================

    Total RO  Size (Code + RO Data)                19320 (  18.87kB)
    Total RW  Size (RW Data + ZI Data)              1840 (   1.80kB)
    Total ROM Size (Code + RO Data + RW Data)      19324 (  18.87kB)

==============================================================================

